Archive member included to satisfy reference by file (symbol)

c:/siliconlabs/simplicitystudio/v4/developer/toolchains/gnu_arm/7.2_2017q4/bin/../lib/gcc/arm-none-eabi/7.2.1/thumb/v7-m\libgcc.a(_aeabi_uldivmod.o)
                              ./emlib/em_usart.o (__aeabi_uldivmod)
c:/siliconlabs/simplicitystudio/v4/developer/toolchains/gnu_arm/7.2_2017q4/bin/../lib/gcc/arm-none-eabi/7.2.1/thumb/v7-m\libgcc.a(_udivmoddi4.o)
                              c:/siliconlabs/simplicitystudio/v4/developer/toolchains/gnu_arm/7.2_2017q4/bin/../lib/gcc/arm-none-eabi/7.2.1/thumb/v7-m\libgcc.a(_aeabi_uldivmod.o) (__udivmoddi4)
c:/siliconlabs/simplicitystudio/v4/developer/toolchains/gnu_arm/7.2_2017q4/bin/../lib/gcc/arm-none-eabi/7.2.1/thumb/v7-m\libgcc.a(_dvmd_tls.o)
                              c:/siliconlabs/simplicitystudio/v4/developer/toolchains/gnu_arm/7.2_2017q4/bin/../lib/gcc/arm-none-eabi/7.2.1/thumb/v7-m\libgcc.a(_aeabi_uldivmod.o) (__aeabi_ldiv0)
c:/siliconlabs/simplicitystudio/v4/developer/toolchains/gnu_arm/7.2_2017q4/bin/../lib/gcc/arm-none-eabi/7.2.1/../../../../arm-none-eabi/lib/thumb/v7-m\libc_nano.a(lib_a-exit.o)
                              c:/siliconlabs/simplicitystudio/v4/developer/toolchains/gnu_arm/7.2_2017q4/bin/../lib/gcc/arm-none-eabi/7.2.1/../../../../arm-none-eabi/lib/thumb/v7-m/crt0.o (exit)
c:/siliconlabs/simplicitystudio/v4/developer/toolchains/gnu_arm/7.2_2017q4/bin/../lib/gcc/arm-none-eabi/7.2.1/../../../../arm-none-eabi/lib/thumb/v7-m\libc_nano.a(lib_a-impure.o)
                              c:/siliconlabs/simplicitystudio/v4/developer/toolchains/gnu_arm/7.2_2017q4/bin/../lib/gcc/arm-none-eabi/7.2.1/../../../../arm-none-eabi/lib/thumb/v7-m\libc_nano.a(lib_a-exit.o) (_global_impure_ptr)
c:/siliconlabs/simplicitystudio/v4/developer/toolchains/gnu_arm/7.2_2017q4/bin/../lib/gcc/arm-none-eabi/7.2.1/../../../../arm-none-eabi/lib/thumb/v7-m\libc_nano.a(lib_a-init.o)
                              c:/siliconlabs/simplicitystudio/v4/developer/toolchains/gnu_arm/7.2_2017q4/bin/../lib/gcc/arm-none-eabi/7.2.1/../../../../arm-none-eabi/lib/thumb/v7-m/crt0.o (__libc_init_array)
c:/siliconlabs/simplicitystudio/v4/developer/toolchains/gnu_arm/7.2_2017q4/bin/../lib/gcc/arm-none-eabi/7.2.1/../../../../arm-none-eabi/lib/thumb/v7-m\libc_nano.a(lib_a-memset.o)
                              c:/siliconlabs/simplicitystudio/v4/developer/toolchains/gnu_arm/7.2_2017q4/bin/../lib/gcc/arm-none-eabi/7.2.1/../../../../arm-none-eabi/lib/thumb/v7-m/crt0.o (memset)
c:/siliconlabs/simplicitystudio/v4/developer/toolchains/gnu_arm/7.2_2017q4/bin/../lib/gcc/arm-none-eabi/7.2.1/../../../../arm-none-eabi/lib/thumb/v7-m\libnosys.a(_exit.o)
                              c:/siliconlabs/simplicitystudio/v4/developer/toolchains/gnu_arm/7.2_2017q4/bin/../lib/gcc/arm-none-eabi/7.2.1/../../../../arm-none-eabi/lib/thumb/v7-m\libc_nano.a(lib_a-exit.o) (_exit)

Discarded input sections

 .text          0x00000000        0x0 c:/siliconlabs/simplicitystudio/v4/developer/toolchains/gnu_arm/7.2_2017q4/bin/../lib/gcc/arm-none-eabi/7.2.1/thumb/v7-m/crti.o
 .data          0x00000000        0x0 c:/siliconlabs/simplicitystudio/v4/developer/toolchains/gnu_arm/7.2_2017q4/bin/../lib/gcc/arm-none-eabi/7.2.1/thumb/v7-m/crti.o
 .bss           0x00000000        0x0 c:/siliconlabs/simplicitystudio/v4/developer/toolchains/gnu_arm/7.2_2017q4/bin/../lib/gcc/arm-none-eabi/7.2.1/thumb/v7-m/crti.o
 .data          0x00000000        0x4 c:/siliconlabs/simplicitystudio/v4/developer/toolchains/gnu_arm/7.2_2017q4/bin/../lib/gcc/arm-none-eabi/7.2.1/thumb/v7-m/crtbegin.o
 .data          0x00000000        0x0 c:/siliconlabs/simplicitystudio/v4/developer/toolchains/gnu_arm/7.2_2017q4/bin/../lib/gcc/arm-none-eabi/7.2.1/../../../../arm-none-eabi/lib/thumb/v7-m/crt0.o
 .bss           0x00000000        0x0 c:/siliconlabs/simplicitystudio/v4/developer/toolchains/gnu_arm/7.2_2017q4/bin/../lib/gcc/arm-none-eabi/7.2.1/../../../../arm-none-eabi/lib/thumb/v7-m/crt0.o
 .ARM.extab     0x00000000        0x0 c:/siliconlabs/simplicitystudio/v4/developer/toolchains/gnu_arm/7.2_2017q4/bin/../lib/gcc/arm-none-eabi/7.2.1/../../../../arm-none-eabi/lib/thumb/v7-m/crt0.o
 .data          0x00000000        0x0 ./CMSIS/EFM32GG/startup_gcc_efm32gg.o
 .bss           0x00000000        0x0 ./CMSIS/EFM32GG/startup_gcc_efm32gg.o
 .group         0x00000000        0xc ./CMSIS/EFM32GG/system_efm32gg.o
 .group         0x00000000        0xc ./CMSIS/EFM32GG/system_efm32gg.o
 .group         0x00000000        0xc ./CMSIS/EFM32GG/system_efm32gg.o
 .group         0x00000000        0xc ./CMSIS/EFM32GG/system_efm32gg.o
 .group         0x00000000        0xc ./CMSIS/EFM32GG/system_efm32gg.o
 .group         0x00000000        0xc ./CMSIS/EFM32GG/system_efm32gg.o
 .group         0x00000000        0xc ./CMSIS/EFM32GG/system_efm32gg.o
 .group         0x00000000        0xc ./CMSIS/EFM32GG/system_efm32gg.o
 .group         0x00000000        0xc ./CMSIS/EFM32GG/system_efm32gg.o
 .group         0x00000000        0xc ./CMSIS/EFM32GG/system_efm32gg.o
 .group         0x00000000        0xc ./CMSIS/EFM32GG/system_efm32gg.o
 .group         0x00000000        0xc ./CMSIS/EFM32GG/system_efm32gg.o
 .group         0x00000000        0xc ./CMSIS/EFM32GG/system_efm32gg.o
 .group         0x00000000        0xc ./CMSIS/EFM32GG/system_efm32gg.o
 .group         0x00000000        0xc ./CMSIS/EFM32GG/system_efm32gg.o
 .group         0x00000000        0xc ./CMSIS/EFM32GG/system_efm32gg.o
 .group         0x00000000        0xc ./CMSIS/EFM32GG/system_efm32gg.o
 .group         0x00000000        0xc ./CMSIS/EFM32GG/system_efm32gg.o
 .group         0x00000000        0xc ./CMSIS/EFM32GG/system_efm32gg.o
 .group         0x00000000        0xc ./CMSIS/EFM32GG/system_efm32gg.o
 .group         0x00000000        0xc ./CMSIS/EFM32GG/system_efm32gg.o
 .group         0x00000000        0xc ./CMSIS/EFM32GG/system_efm32gg.o
 .group         0x00000000        0xc ./CMSIS/EFM32GG/system_efm32gg.o
 .group         0x00000000        0xc ./CMSIS/EFM32GG/system_efm32gg.o
 .group         0x00000000        0xc ./CMSIS/EFM32GG/system_efm32gg.o
 .group         0x00000000        0xc ./CMSIS/EFM32GG/system_efm32gg.o
 .group         0x00000000        0xc ./CMSIS/EFM32GG/system_efm32gg.o
 .group         0x00000000        0xc ./CMSIS/EFM32GG/system_efm32gg.o
 .group         0x00000000        0xc ./CMSIS/EFM32GG/system_efm32gg.o
 .group         0x00000000        0xc ./CMSIS/EFM32GG/system_efm32gg.o
 .group         0x00000000        0xc ./CMSIS/EFM32GG/system_efm32gg.o
 .group         0x00000000        0xc ./CMSIS/EFM32GG/system_efm32gg.o
 .group         0x00000000        0xc ./CMSIS/EFM32GG/system_efm32gg.o
 .group         0x00000000        0xc ./CMSIS/EFM32GG/system_efm32gg.o
 .group         0x00000000        0xc ./CMSIS/EFM32GG/system_efm32gg.o
 .group         0x00000000        0xc ./CMSIS/EFM32GG/system_efm32gg.o
 .group         0x00000000        0xc ./CMSIS/EFM32GG/system_efm32gg.o
 .group         0x00000000        0xc ./CMSIS/EFM32GG/system_efm32gg.o
 .group         0x00000000        0xc ./CMSIS/EFM32GG/system_efm32gg.o
 .group         0x00000000        0xc ./CMSIS/EFM32GG/system_efm32gg.o
 .group         0x00000000        0xc ./CMSIS/EFM32GG/system_efm32gg.o
 .group         0x00000000        0xc ./CMSIS/EFM32GG/system_efm32gg.o
 .group         0x00000000        0xc ./CMSIS/EFM32GG/system_efm32gg.o
 .group         0x00000000        0xc ./CMSIS/EFM32GG/system_efm32gg.o
 .group         0x00000000        0xc ./CMSIS/EFM32GG/system_efm32gg.o
 .group         0x00000000        0xc ./CMSIS/EFM32GG/system_efm32gg.o
 .group         0x00000000        0xc ./CMSIS/EFM32GG/system_efm32gg.o
 .group         0x00000000        0xc ./CMSIS/EFM32GG/system_efm32gg.o
 .group         0x00000000        0xc ./CMSIS/EFM32GG/system_efm32gg.o
 .text          0x00000000        0x0 ./CMSIS/EFM32GG/system_efm32gg.o
 .data          0x00000000        0x0 ./CMSIS/EFM32GG/system_efm32gg.o
 .bss           0x00000000        0x0 ./CMSIS/EFM32GG/system_efm32gg.o
 .text.SystemMaxCoreClockGet
                0x00000000       0x14 ./CMSIS/EFM32GG/system_efm32gg.o
 .text.SystemHFXOClockGet
                0x00000000       0x14 ./CMSIS/EFM32GG/system_efm32gg.o
 .text.SystemHFXOClockSet
                0x00000000       0x30 ./CMSIS/EFM32GG/system_efm32gg.o
 .text.SystemLFXOClockSet
                0x00000000       0x30 ./CMSIS/EFM32GG/system_efm32gg.o
 .group         0x00000000        0xc ./emlib/em_cmu.o
 .group         0x00000000        0xc ./emlib/em_cmu.o
 .group         0x00000000        0xc ./emlib/em_cmu.o
 .group         0x00000000        0xc ./emlib/em_cmu.o
 .group         0x00000000        0xc ./emlib/em_cmu.o
 .group         0x00000000        0xc ./emlib/em_cmu.o
 .group         0x00000000        0xc ./emlib/em_cmu.o
 .group         0x00000000        0xc ./emlib/em_cmu.o
 .group         0x00000000        0xc ./emlib/em_cmu.o
 .group         0x00000000        0xc ./emlib/em_cmu.o
 .group         0x00000000        0xc ./emlib/em_cmu.o
 .group         0x00000000        0xc ./emlib/em_cmu.o
 .group         0x00000000        0xc ./emlib/em_cmu.o
 .group         0x00000000        0xc ./emlib/em_cmu.o
 .group         0x00000000        0xc ./emlib/em_cmu.o
 .group         0x00000000        0xc ./emlib/em_cmu.o
 .group         0x00000000        0xc ./emlib/em_cmu.o
 .group         0x00000000        0xc ./emlib/em_cmu.o
 .group         0x00000000        0xc ./emlib/em_cmu.o
 .group         0x00000000        0xc ./emlib/em_cmu.o
 .group         0x00000000        0xc ./emlib/em_cmu.o
 .group         0x00000000        0xc ./emlib/em_cmu.o
 .group         0x00000000        0xc ./emlib/em_cmu.o
 .group         0x00000000        0xc ./emlib/em_cmu.o
 .group         0x00000000        0xc ./emlib/em_cmu.o
 .group         0x00000000        0xc ./emlib/em_cmu.o
 .group         0x00000000        0xc ./emlib/em_cmu.o
 .group         0x00000000        0xc ./emlib/em_cmu.o
 .group         0x00000000        0xc ./emlib/em_cmu.o
 .group         0x00000000        0xc ./emlib/em_cmu.o
 .group         0x00000000        0xc ./emlib/em_cmu.o
 .group         0x00000000        0xc ./emlib/em_cmu.o
 .group         0x00000000        0xc ./emlib/em_cmu.o
 .group         0x00000000        0xc ./emlib/em_cmu.o
 .group         0x00000000        0xc ./emlib/em_cmu.o
 .group         0x00000000        0xc ./emlib/em_cmu.o
 .group         0x00000000        0xc ./emlib/em_cmu.o
 .group         0x00000000        0xc ./emlib/em_cmu.o
 .group         0x00000000        0xc ./emlib/em_cmu.o
 .group         0x00000000        0xc ./emlib/em_cmu.o
 .group         0x00000000        0xc ./emlib/em_cmu.o
 .group         0x00000000        0xc ./emlib/em_cmu.o
 .group         0x00000000        0xc ./emlib/em_cmu.o
 .group         0x00000000        0xc ./emlib/em_cmu.o
 .group         0x00000000        0xc ./emlib/em_cmu.o
 .group         0x00000000        0xc ./emlib/em_cmu.o
 .group         0x00000000        0xc ./emlib/em_cmu.o
 .group         0x00000000        0xc ./emlib/em_cmu.o
 .group         0x00000000        0xc ./emlib/em_cmu.o
 .group         0x00000000        0xc ./emlib/em_cmu.o
 .group         0x00000000        0xc ./emlib/em_cmu.o
 .group         0x00000000        0xc ./emlib/em_cmu.o
 .group         0x00000000        0xc ./emlib/em_cmu.o
 .group         0x00000000        0xc ./emlib/em_cmu.o
 .group         0x00000000        0xc ./emlib/em_cmu.o
 .group         0x00000000        0xc ./emlib/em_cmu.o
 .group         0x00000000        0xc ./emlib/em_cmu.o
 .group         0x00000000        0xc ./emlib/em_cmu.o
 .group         0x00000000        0xc ./emlib/em_cmu.o
 .group         0x00000000        0xc ./emlib/em_cmu.o
 .text          0x00000000        0x0 ./emlib/em_cmu.o
 .data          0x00000000        0x0 ./emlib/em_cmu.o
 .bss           0x00000000        0x0 ./emlib/em_cmu.o
 .text.BUS_RegMaskedWrite
                0x00000000       0x28 ./emlib/em_cmu.o
 .text.flashWaitStateControl
                0x00000000       0x98 ./emlib/em_cmu.o
 .text.flashWaitStateMax
                0x00000000       0x44 ./emlib/em_cmu.o
 .text.CMU_UpdateWaitStates
                0x00000000       0x40 ./emlib/em_cmu.o
 .text.hfperClkSafePrescaler
                0x00000000        0xc ./emlib/em_cmu.o
 .text.hfperClkOptimizedPrescaler
                0x00000000        0xc ./emlib/em_cmu.o
 .text.CMU_AUXHFRCOBandGet
                0x00000000       0x1c ./emlib/em_cmu.o
 .text.CMU_AUXHFRCOBandSet
                0x00000000       0xac ./emlib/em_cmu.o
 .text.CMU_Calibrate
                0x00000000       0x88 ./emlib/em_cmu.o
 .text.CMU_CalibrateConfig
                0x00000000       0xd8 ./emlib/em_cmu.o
 .text.CMU_CalibrateCountGet
                0x00000000       0x38 ./emlib/em_cmu.o
 .text.CMU_ClockDivSet
                0x00000000      0x264 ./emlib/em_cmu.o
 .text.CMU_ClockSelectSet
                0x00000000      0x298 ./emlib/em_cmu.o
 .text.CMU_FreezeEnable
                0x00000000       0x38 ./emlib/em_cmu.o
 .text.CMU_HFRCOBandGet
                0x00000000       0x1c ./emlib/em_cmu.o
 .text.CMU_HFRCOBandSet
                0x00000000       0xd4 ./emlib/em_cmu.o
 .text.CMU_HFRCOStartupDelayGet
                0x00000000       0x1c ./emlib/em_cmu.o
 .text.CMU_HFRCOStartupDelaySet
                0x00000000       0x30 ./emlib/em_cmu.o
 .text.CMU_HFXOInit
                0x00000000       0x5c ./emlib/em_cmu.o
 .text.CMU_LCDClkFDIVGet
                0x00000000       0x18 ./emlib/em_cmu.o
 .text.CMU_LCDClkFDIVSet
                0x00000000       0x3c ./emlib/em_cmu.o
 .text.CMU_LFXOInit
                0x00000000       0x84 ./emlib/em_cmu.o
 .text.CMU_OscillatorEnable
                0x00000000       0xbc ./emlib/em_cmu.o
 .text.CMU_OscillatorTuningGet
                0x00000000       0x50 ./emlib/em_cmu.o
 .text.CMU_OscillatorTuningSet
                0x00000000       0x74 ./emlib/em_cmu.o
 .text.CMU_PCNTClockExternalGet
                0x00000000       0x5c ./emlib/em_cmu.o
 .text.CMU_PCNTClockExternalSet
                0x00000000       0x38 ./emlib/em_cmu.o
 .debug_macro   0x00000000      0xa48 ./emlib/em_cmu.o
 .debug_macro   0x00000000      0x39b ./emlib/em_cmu.o
 .debug_macro   0x00000000       0x22 ./emlib/em_cmu.o
 .debug_macro   0x00000000       0x4f ./emlib/em_cmu.o
 .debug_macro   0x00000000       0x51 ./emlib/em_cmu.o
 .debug_macro   0x00000000       0xef ./emlib/em_cmu.o
 .debug_macro   0x00000000       0x6a ./emlib/em_cmu.o
 .debug_macro   0x00000000      0x1df ./emlib/em_cmu.o
 .debug_macro   0x00000000       0x1c ./emlib/em_cmu.o
 .debug_macro   0x00000000       0x22 ./emlib/em_cmu.o
 .debug_macro   0x00000000       0xc3 ./emlib/em_cmu.o
 .debug_macro   0x00000000      0xe18 ./emlib/em_cmu.o
 .debug_macro   0x00000000       0xe2 ./emlib/em_cmu.o
 .debug_macro   0x00000000     0x2869 ./emlib/em_cmu.o
 .debug_macro   0x00000000      0x39e ./emlib/em_cmu.o
 .debug_macro   0x00000000     0x3f12 ./emlib/em_cmu.o
 .debug_macro   0x00000000      0x9a4 ./emlib/em_cmu.o
 .debug_macro   0x00000000      0x6eb ./emlib/em_cmu.o
 .debug_macro   0x00000000      0x283 ./emlib/em_cmu.o
 .debug_macro   0x00000000     0x1e37 ./emlib/em_cmu.o
 .debug_macro   0x00000000     0x30cb ./emlib/em_cmu.o
 .debug_macro   0x00000000      0x37f ./emlib/em_cmu.o
 .debug_macro   0x00000000      0x855 ./emlib/em_cmu.o
 .debug_macro   0x00000000     0x230f ./emlib/em_cmu.o
 .debug_macro   0x00000000     0x1bf6 ./emlib/em_cmu.o
 .debug_macro   0x00000000     0x1709 ./emlib/em_cmu.o
 .debug_macro   0x00000000      0x6d8 ./emlib/em_cmu.o
 .debug_macro   0x00000000     0x106a ./emlib/em_cmu.o
 .debug_macro   0x00000000     0x1d83 ./emlib/em_cmu.o
 .debug_macro   0x00000000      0x33d ./emlib/em_cmu.o
 .debug_macro   0x00000000      0xa66 ./emlib/em_cmu.o
 .debug_macro   0x00000000      0xfe0 ./emlib/em_cmu.o
 .debug_macro   0x00000000      0x894 ./emlib/em_cmu.o
 .debug_macro   0x00000000      0xf85 ./emlib/em_cmu.o
 .debug_macro   0x00000000     0x12a5 ./emlib/em_cmu.o
 .debug_macro   0x00000000      0xc4a ./emlib/em_cmu.o
 .debug_macro   0x00000000      0x74d ./emlib/em_cmu.o
 .debug_macro   0x00000000      0x1c9 ./emlib/em_cmu.o
 .debug_macro   0x00000000     0x1041 ./emlib/em_cmu.o
 .debug_macro   0x00000000      0x280 ./emlib/em_cmu.o
 .debug_macro   0x00000000       0x40 ./emlib/em_cmu.o
 .debug_macro   0x00000000      0x250 ./emlib/em_cmu.o
 .debug_macro   0x00000000      0x1f0 ./emlib/em_cmu.o
 .debug_macro   0x00000000      0x166 ./emlib/em_cmu.o
 .debug_macro   0x00000000      0x252 ./emlib/em_cmu.o
 .debug_macro   0x00000000     0x1bd7 ./emlib/em_cmu.o
 .debug_macro   0x00000000       0x2e ./emlib/em_cmu.o
 .debug_macro   0x00000000      0x427 ./emlib/em_cmu.o
 .debug_macro   0x00000000      0x427 ./emlib/em_cmu.o
 .group         0x00000000        0xc ./emlib/em_gpio.o
 .group         0x00000000        0xc ./emlib/em_gpio.o
 .group         0x00000000        0xc ./emlib/em_gpio.o
 .group         0x00000000        0xc ./emlib/em_gpio.o
 .group         0x00000000        0xc ./emlib/em_gpio.o
 .group         0x00000000        0xc ./emlib/em_gpio.o
 .group         0x00000000        0xc ./emlib/em_gpio.o
 .group         0x00000000        0xc ./emlib/em_gpio.o
 .group         0x00000000        0xc ./emlib/em_gpio.o
 .group         0x00000000        0xc ./emlib/em_gpio.o
 .group         0x00000000        0xc ./emlib/em_gpio.o
 .group         0x00000000        0xc ./emlib/em_gpio.o
 .group         0x00000000        0xc ./emlib/em_gpio.o
 .group         0x00000000        0xc ./emlib/em_gpio.o
 .group         0x00000000        0xc ./emlib/em_gpio.o
 .group         0x00000000        0xc ./emlib/em_gpio.o
 .group         0x00000000        0xc ./emlib/em_gpio.o
 .group         0x00000000        0xc ./emlib/em_gpio.o
 .group         0x00000000        0xc ./emlib/em_gpio.o
 .group         0x00000000        0xc ./emlib/em_gpio.o
 .group         0x00000000        0xc ./emlib/em_gpio.o
 .group         0x00000000        0xc ./emlib/em_gpio.o
 .group         0x00000000        0xc ./emlib/em_gpio.o
 .group         0x00000000        0xc ./emlib/em_gpio.o
 .group         0x00000000        0xc ./emlib/em_gpio.o
 .group         0x00000000        0xc ./emlib/em_gpio.o
 .group         0x00000000        0xc ./emlib/em_gpio.o
 .group         0x00000000        0xc ./emlib/em_gpio.o
 .group         0x00000000        0xc ./emlib/em_gpio.o
 .group         0x00000000        0xc ./emlib/em_gpio.o
 .group         0x00000000        0xc ./emlib/em_gpio.o
 .group         0x00000000        0xc ./emlib/em_gpio.o
 .group         0x00000000        0xc ./emlib/em_gpio.o
 .group         0x00000000        0xc ./emlib/em_gpio.o
 .group         0x00000000        0xc ./emlib/em_gpio.o
 .group         0x00000000        0xc ./emlib/em_gpio.o
 .group         0x00000000        0xc ./emlib/em_gpio.o
 .group         0x00000000        0xc ./emlib/em_gpio.o
 .group         0x00000000        0xc ./emlib/em_gpio.o
 .group         0x00000000        0xc ./emlib/em_gpio.o
 .group         0x00000000        0xc ./emlib/em_gpio.o
 .group         0x00000000        0xc ./emlib/em_gpio.o
 .group         0x00000000        0xc ./emlib/em_gpio.o
 .group         0x00000000        0xc ./emlib/em_gpio.o
 .group         0x00000000        0xc ./emlib/em_gpio.o
 .group         0x00000000        0xc ./emlib/em_gpio.o
 .group         0x00000000        0xc ./emlib/em_gpio.o
 .group         0x00000000        0xc ./emlib/em_gpio.o
 .group         0x00000000        0xc ./emlib/em_gpio.o
 .group         0x00000000        0xc ./emlib/em_gpio.o
 .group         0x00000000        0xc ./emlib/em_gpio.o
 .group         0x00000000        0xc ./emlib/em_gpio.o
 .text          0x00000000        0x0 ./emlib/em_gpio.o
 .data          0x00000000        0x0 ./emlib/em_gpio.o
 .bss           0x00000000        0x0 ./emlib/em_gpio.o
 .text.BUS_RegBitWrite
                0x00000000       0x2c ./emlib/em_gpio.o
 .text.BUS_RegMaskedWrite
                0x00000000       0x28 ./emlib/em_gpio.o
 .text.GPIO_EM4SetPinRetention
                0x00000000       0x24 ./emlib/em_gpio.o
 .text.GPIO_IntClear
                0x00000000       0x20 ./emlib/em_gpio.o
 .text.GPIO_DbgLocationSet
                0x00000000       0x2c ./emlib/em_gpio.o
 .text.GPIO_DriveModeSet
                0x00000000       0x70 ./emlib/em_gpio.o
 .text.GPIO_ExtIntConfig
                0x00000000       0xd4 ./emlib/em_gpio.o
 .text.GPIO_PinModeGet
                0x00000000       0x90 ./emlib/em_gpio.o
 .text.GPIO_EM4EnablePinWakeup
                0x00000000       0x5c ./emlib/em_gpio.o
 .debug_macro   0x00000000      0xa48 ./emlib/em_gpio.o
 .debug_macro   0x00000000      0x39b ./emlib/em_gpio.o
 .debug_macro   0x00000000       0x22 ./emlib/em_gpio.o
 .debug_macro   0x00000000       0x4f ./emlib/em_gpio.o
 .debug_macro   0x00000000       0x51 ./emlib/em_gpio.o
 .debug_macro   0x00000000       0xef ./emlib/em_gpio.o
 .debug_macro   0x00000000       0x6a ./emlib/em_gpio.o
 .debug_macro   0x00000000      0x1df ./emlib/em_gpio.o
 .debug_macro   0x00000000       0x1c ./emlib/em_gpio.o
 .debug_macro   0x00000000       0x22 ./emlib/em_gpio.o
 .debug_macro   0x00000000       0xc3 ./emlib/em_gpio.o
 .debug_macro   0x00000000      0xe18 ./emlib/em_gpio.o
 .debug_macro   0x00000000       0xe2 ./emlib/em_gpio.o
 .debug_macro   0x00000000     0x2869 ./emlib/em_gpio.o
 .debug_macro   0x00000000      0x39e ./emlib/em_gpio.o
 .debug_macro   0x00000000     0x3f12 ./emlib/em_gpio.o
 .debug_macro   0x00000000      0x9a4 ./emlib/em_gpio.o
 .debug_macro   0x00000000      0x6eb ./emlib/em_gpio.o
 .debug_macro   0x00000000      0x283 ./emlib/em_gpio.o
 .debug_macro   0x00000000     0x1e37 ./emlib/em_gpio.o
 .debug_macro   0x00000000     0x30cb ./emlib/em_gpio.o
 .debug_macro   0x00000000      0x37f ./emlib/em_gpio.o
 .debug_macro   0x00000000      0x855 ./emlib/em_gpio.o
 .debug_macro   0x00000000     0x230f ./emlib/em_gpio.o
 .debug_macro   0x00000000     0x1bf6 ./emlib/em_gpio.o
 .debug_macro   0x00000000     0x1709 ./emlib/em_gpio.o
 .debug_macro   0x00000000      0x6d8 ./emlib/em_gpio.o
 .debug_macro   0x00000000     0x106a ./emlib/em_gpio.o
 .debug_macro   0x00000000     0x1d83 ./emlib/em_gpio.o
 .debug_macro   0x00000000      0x33d ./emlib/em_gpio.o
 .debug_macro   0x00000000      0xa66 ./emlib/em_gpio.o
 .debug_macro   0x00000000      0xfe0 ./emlib/em_gpio.o
 .debug_macro   0x00000000      0x894 ./emlib/em_gpio.o
 .debug_macro   0x00000000      0xf85 ./emlib/em_gpio.o
 .debug_macro   0x00000000     0x12a5 ./emlib/em_gpio.o
 .debug_macro   0x00000000      0xc4a ./emlib/em_gpio.o
 .debug_macro   0x00000000      0x74d ./emlib/em_gpio.o
 .debug_macro   0x00000000      0x1c9 ./emlib/em_gpio.o
 .debug_macro   0x00000000     0x1041 ./emlib/em_gpio.o
 .debug_macro   0x00000000      0x280 ./emlib/em_gpio.o
 .debug_macro   0x00000000       0x40 ./emlib/em_gpio.o
 .debug_macro   0x00000000      0x250 ./emlib/em_gpio.o
 .debug_macro   0x00000000      0x1f0 ./emlib/em_gpio.o
 .debug_macro   0x00000000      0x166 ./emlib/em_gpio.o
 .debug_macro   0x00000000      0x252 ./emlib/em_gpio.o
 .debug_macro   0x00000000     0x1bd7 ./emlib/em_gpio.o
 .debug_macro   0x00000000       0x2e ./emlib/em_gpio.o
 .debug_macro   0x00000000      0x427 ./emlib/em_gpio.o
 .debug_macro   0x00000000      0x427 ./emlib/em_gpio.o
 .debug_macro   0x00000000       0x22 ./emlib/em_gpio.o
 .debug_macro   0x00000000       0x10 ./emlib/em_gpio.o
 .group         0x00000000        0xc ./emlib/em_system.o
 .group         0x00000000        0xc ./emlib/em_system.o
 .group         0x00000000        0xc ./emlib/em_system.o
 .group         0x00000000        0xc ./emlib/em_system.o
 .group         0x00000000        0xc ./emlib/em_system.o
 .group         0x00000000        0xc ./emlib/em_system.o
 .group         0x00000000        0xc ./emlib/em_system.o
 .group         0x00000000        0xc ./emlib/em_system.o
 .group         0x00000000        0xc ./emlib/em_system.o
 .group         0x00000000        0xc ./emlib/em_system.o
 .group         0x00000000        0xc ./emlib/em_system.o
 .group         0x00000000        0xc ./emlib/em_system.o
 .group         0x00000000        0xc ./emlib/em_system.o
 .group         0x00000000        0xc ./emlib/em_system.o
 .group         0x00000000        0xc ./emlib/em_system.o
 .group         0x00000000        0xc ./emlib/em_system.o
 .group         0x00000000        0xc ./emlib/em_system.o
 .group         0x00000000        0xc ./emlib/em_system.o
 .group         0x00000000        0xc ./emlib/em_system.o
 .group         0x00000000        0xc ./emlib/em_system.o
 .group         0x00000000        0xc ./emlib/em_system.o
 .group         0x00000000        0xc ./emlib/em_system.o
 .group         0x00000000        0xc ./emlib/em_system.o
 .group         0x00000000        0xc ./emlib/em_system.o
 .group         0x00000000        0xc ./emlib/em_system.o
 .group         0x00000000        0xc ./emlib/em_system.o
 .group         0x00000000        0xc ./emlib/em_system.o
 .group         0x00000000        0xc ./emlib/em_system.o
 .group         0x00000000        0xc ./emlib/em_system.o
 .group         0x00000000        0xc ./emlib/em_system.o
 .group         0x00000000        0xc ./emlib/em_system.o
 .group         0x00000000        0xc ./emlib/em_system.o
 .group         0x00000000        0xc ./emlib/em_system.o
 .group         0x00000000        0xc ./emlib/em_system.o
 .group         0x00000000        0xc ./emlib/em_system.o
 .group         0x00000000        0xc ./emlib/em_system.o
 .group         0x00000000        0xc ./emlib/em_system.o
 .group         0x00000000        0xc ./emlib/em_system.o
 .group         0x00000000        0xc ./emlib/em_system.o
 .group         0x00000000        0xc ./emlib/em_system.o
 .group         0x00000000        0xc ./emlib/em_system.o
 .group         0x00000000        0xc ./emlib/em_system.o
 .group         0x00000000        0xc ./emlib/em_system.o
 .group         0x00000000        0xc ./emlib/em_system.o
 .group         0x00000000        0xc ./emlib/em_system.o
 .group         0x00000000        0xc ./emlib/em_system.o
 .group         0x00000000        0xc ./emlib/em_system.o
 .group         0x00000000        0xc ./emlib/em_system.o
 .group         0x00000000        0xc ./emlib/em_system.o
 .group         0x00000000        0xc ./emlib/em_system.o
 .group         0x00000000        0xc ./emlib/em_system.o
 .group         0x00000000        0xc ./emlib/em_system.o
 .text          0x00000000        0x0 ./emlib/em_system.o
 .data          0x00000000        0x0 ./emlib/em_system.o
 .bss           0x00000000        0x0 ./emlib/em_system.o
 .text.SYSTEM_GetCalibrationValue
                0x00000000       0x58 ./emlib/em_system.o
 .debug_macro   0x00000000      0xa48 ./emlib/em_system.o
 .debug_macro   0x00000000       0x22 ./emlib/em_system.o
 .debug_macro   0x00000000      0x39b ./emlib/em_system.o
 .debug_macro   0x00000000       0x22 ./emlib/em_system.o
 .debug_macro   0x00000000       0x4f ./emlib/em_system.o
 .debug_macro   0x00000000       0x51 ./emlib/em_system.o
 .debug_macro   0x00000000       0xef ./emlib/em_system.o
 .debug_macro   0x00000000       0x6a ./emlib/em_system.o
 .debug_macro   0x00000000      0x1df ./emlib/em_system.o
 .debug_macro   0x00000000       0x1c ./emlib/em_system.o
 .debug_macro   0x00000000       0x22 ./emlib/em_system.o
 .debug_macro   0x00000000       0xc3 ./emlib/em_system.o
 .debug_macro   0x00000000      0xe18 ./emlib/em_system.o
 .debug_macro   0x00000000       0xe2 ./emlib/em_system.o
 .debug_macro   0x00000000     0x2869 ./emlib/em_system.o
 .debug_macro   0x00000000      0x39e ./emlib/em_system.o
 .debug_macro   0x00000000     0x3f12 ./emlib/em_system.o
 .debug_macro   0x00000000      0x9a4 ./emlib/em_system.o
 .debug_macro   0x00000000      0x6eb ./emlib/em_system.o
 .debug_macro   0x00000000      0x283 ./emlib/em_system.o
 .debug_macro   0x00000000     0x1e37 ./emlib/em_system.o
 .debug_macro   0x00000000     0x30cb ./emlib/em_system.o
 .debug_macro   0x00000000      0x37f ./emlib/em_system.o
 .debug_macro   0x00000000      0x855 ./emlib/em_system.o
 .debug_macro   0x00000000     0x230f ./emlib/em_system.o
 .debug_macro   0x00000000     0x1bf6 ./emlib/em_system.o
 .debug_macro   0x00000000     0x1709 ./emlib/em_system.o
 .debug_macro   0x00000000      0x6d8 ./emlib/em_system.o
 .debug_macro   0x00000000     0x106a ./emlib/em_system.o
 .debug_macro   0x00000000     0x1d83 ./emlib/em_system.o
 .debug_macro   0x00000000      0x33d ./emlib/em_system.o
 .debug_macro   0x00000000      0xa66 ./emlib/em_system.o
 .debug_macro   0x00000000      0xfe0 ./emlib/em_system.o
 .debug_macro   0x00000000      0x894 ./emlib/em_system.o
 .debug_macro   0x00000000      0xf85 ./emlib/em_system.o
 .debug_macro   0x00000000     0x12a5 ./emlib/em_system.o
 .debug_macro   0x00000000      0xc4a ./emlib/em_system.o
 .debug_macro   0x00000000      0x74d ./emlib/em_system.o
 .debug_macro   0x00000000      0x1c9 ./emlib/em_system.o
 .debug_macro   0x00000000     0x1041 ./emlib/em_system.o
 .debug_macro   0x00000000      0x280 ./emlib/em_system.o
 .debug_macro   0x00000000       0x40 ./emlib/em_system.o
 .debug_macro   0x00000000      0x250 ./emlib/em_system.o
 .debug_macro   0x00000000      0x1f0 ./emlib/em_system.o
 .debug_macro   0x00000000      0x166 ./emlib/em_system.o
 .debug_macro   0x00000000      0x252 ./emlib/em_system.o
 .debug_macro   0x00000000     0x1bd7 ./emlib/em_system.o
 .debug_macro   0x00000000       0x2e ./emlib/em_system.o
 .debug_macro   0x00000000      0x427 ./emlib/em_system.o
 .debug_macro   0x00000000      0x427 ./emlib/em_system.o
 .debug_macro   0x00000000       0x10 ./emlib/em_system.o
 .debug_macro   0x00000000      0x16d ./emlib/em_system.o
 .group         0x00000000        0xc ./emlib/em_usart.o
 .group         0x00000000        0xc ./emlib/em_usart.o
 .group         0x00000000        0xc ./emlib/em_usart.o
 .group         0x00000000        0xc ./emlib/em_usart.o
 .group         0x00000000        0xc ./emlib/em_usart.o
 .group         0x00000000        0xc ./emlib/em_usart.o
 .group         0x00000000        0xc ./emlib/em_usart.o
 .group         0x00000000        0xc ./emlib/em_usart.o
 .group         0x00000000        0xc ./emlib/em_usart.o
 .group         0x00000000        0xc ./emlib/em_usart.o
 .group         0x00000000        0xc ./emlib/em_usart.o
 .group         0x00000000        0xc ./emlib/em_usart.o
 .group         0x00000000        0xc ./emlib/em_usart.o
 .group         0x00000000        0xc ./emlib/em_usart.o
 .group         0x00000000        0xc ./emlib/em_usart.o
 .group         0x00000000        0xc ./emlib/em_usart.o
 .group         0x00000000        0xc ./emlib/em_usart.o
 .group         0x00000000        0xc ./emlib/em_usart.o
 .group         0x00000000        0xc ./emlib/em_usart.o
 .group         0x00000000        0xc ./emlib/em_usart.o
 .group         0x00000000        0xc ./emlib/em_usart.o
 .group         0x00000000        0xc ./emlib/em_usart.o
 .group         0x00000000        0xc ./emlib/em_usart.o
 .group         0x00000000        0xc ./emlib/em_usart.o
 .group         0x00000000        0xc ./emlib/em_usart.o
 .group         0x00000000        0xc ./emlib/em_usart.o
 .group         0x00000000        0xc ./emlib/em_usart.o
 .group         0x00000000        0xc ./emlib/em_usart.o
 .group         0x00000000        0xc ./emlib/em_usart.o
 .group         0x00000000        0xc ./emlib/em_usart.o
 .group         0x00000000        0xc ./emlib/em_usart.o
 .group         0x00000000        0xc ./emlib/em_usart.o
 .group         0x00000000        0xc ./emlib/em_usart.o
 .group         0x00000000        0xc ./emlib/em_usart.o
 .group         0x00000000        0xc ./emlib/em_usart.o
 .group         0x00000000        0xc ./emlib/em_usart.o
 .group         0x00000000        0xc ./emlib/em_usart.o
 .group         0x00000000        0xc ./emlib/em_usart.o
 .group         0x00000000        0xc ./emlib/em_usart.o
 .group         0x00000000        0xc ./emlib/em_usart.o
 .group         0x00000000        0xc ./emlib/em_usart.o
 .group         0x00000000        0xc ./emlib/em_usart.o
 .group         0x00000000        0xc ./emlib/em_usart.o
 .group         0x00000000        0xc ./emlib/em_usart.o
 .group         0x00000000        0xc ./emlib/em_usart.o
 .group         0x00000000        0xc ./emlib/em_usart.o
 .group         0x00000000        0xc ./emlib/em_usart.o
 .group         0x00000000        0xc ./emlib/em_usart.o
 .group         0x00000000        0xc ./emlib/em_usart.o
 .group         0x00000000        0xc ./emlib/em_usart.o
 .group         0x00000000        0xc ./emlib/em_usart.o
 .group         0x00000000        0xc ./emlib/em_usart.o
 .group         0x00000000        0xc ./emlib/em_usart.o
 .group         0x00000000        0xc ./emlib/em_usart.o
 .group         0x00000000        0xc ./emlib/em_usart.o
 .text          0x00000000        0x0 ./emlib/em_usart.o
 .data          0x00000000        0x0 ./emlib/em_usart.o
 .bss           0x00000000        0x0 ./emlib/em_usart.o
 .text.prsIrInput
                0x00000000       0x28 ./emlib/em_usart.o
 .text.prsTriggerInput
                0x00000000       0x26 ./emlib/em_usart.o
 .text.USART_BaudrateCalc
                0x00000000      0x11c ./emlib/em_usart.o
 .text.USART_BaudrateGet
                0x00000000       0x50 ./emlib/em_usart.o
 .text.USART_BaudrateSyncSet
                0x00000000       0x40 ./emlib/em_usart.o
 .text.USART_Enable
                0x00000000       0x70 ./emlib/em_usart.o
 .text.USART_InitSync
                0x00000000       0xdc ./emlib/em_usart.o
 .text.USARTn_InitIrDA
                0x00000000       0x76 ./emlib/em_usart.o
 .text.USART_InitI2s
                0x00000000       0x94 ./emlib/em_usart.o
 .text.USART_InitPrsTrigger
                0x00000000       0x5e ./emlib/em_usart.o
 .text.USART_RxDouble
                0x00000000       0x26 ./emlib/em_usart.o
 .text.USART_RxDoubleExt
                0x00000000       0x24 ./emlib/em_usart.o
 .text.USART_RxExt
                0x00000000       0x26 ./emlib/em_usart.o
 .text.USART_SpiTransfer
                0x00000000       0x3e ./emlib/em_usart.o
 .text.USART_TxDouble
                0x00000000       0x2a ./emlib/em_usart.o
 .text.USART_TxDoubleExt
                0x00000000       0x28 ./emlib/em_usart.o
 .text.USART_TxExt
                0x00000000       0x2a ./emlib/em_usart.o
 .debug_macro   0x00000000      0xa48 ./emlib/em_usart.o
 .debug_macro   0x00000000      0x39b ./emlib/em_usart.o
 .debug_macro   0x00000000       0x22 ./emlib/em_usart.o
 .debug_macro   0x00000000       0x4f ./emlib/em_usart.o
 .debug_macro   0x00000000       0x51 ./emlib/em_usart.o
 .debug_macro   0x00000000       0xef ./emlib/em_usart.o
 .debug_macro   0x00000000       0x6a ./emlib/em_usart.o
 .debug_macro   0x00000000      0x1df ./emlib/em_usart.o
 .debug_macro   0x00000000       0x1c ./emlib/em_usart.o
 .debug_macro   0x00000000       0x22 ./emlib/em_usart.o
 .debug_macro   0x00000000       0xc3 ./emlib/em_usart.o
 .debug_macro   0x00000000      0xe18 ./emlib/em_usart.o
 .debug_macro   0x00000000       0xe2 ./emlib/em_usart.o
 .debug_macro   0x00000000     0x2869 ./emlib/em_usart.o
 .debug_macro   0x00000000      0x39e ./emlib/em_usart.o
 .debug_macro   0x00000000     0x3f12 ./emlib/em_usart.o
 .debug_macro   0x00000000      0x9a4 ./emlib/em_usart.o
 .debug_macro   0x00000000      0x6eb ./emlib/em_usart.o
 .debug_macro   0x00000000      0x283 ./emlib/em_usart.o
 .debug_macro   0x00000000     0x1e37 ./emlib/em_usart.o
 .debug_macro   0x00000000     0x30cb ./emlib/em_usart.o
 .debug_macro   0x00000000      0x37f ./emlib/em_usart.o
 .debug_macro   0x00000000      0x855 ./emlib/em_usart.o
 .debug_macro   0x00000000     0x230f ./emlib/em_usart.o
 .debug_macro   0x00000000     0x1bf6 ./emlib/em_usart.o
 .debug_macro   0x00000000     0x1709 ./emlib/em_usart.o
 .debug_macro   0x00000000      0x6d8 ./emlib/em_usart.o
 .debug_macro   0x00000000     0x106a ./emlib/em_usart.o
 .debug_macro   0x00000000     0x1d83 ./emlib/em_usart.o
 .debug_macro   0x00000000      0x33d ./emlib/em_usart.o
 .debug_macro   0x00000000      0xa66 ./emlib/em_usart.o
 .debug_macro   0x00000000      0xfe0 ./emlib/em_usart.o
 .debug_macro   0x00000000      0x894 ./emlib/em_usart.o
 .debug_macro   0x00000000      0xf85 ./emlib/em_usart.o
 .debug_macro   0x00000000     0x12a5 ./emlib/em_usart.o
 .debug_macro   0x00000000      0xc4a ./emlib/em_usart.o
 .debug_macro   0x00000000      0x74d ./emlib/em_usart.o
 .debug_macro   0x00000000      0x1c9 ./emlib/em_usart.o
 .debug_macro   0x00000000     0x1041 ./emlib/em_usart.o
 .debug_macro   0x00000000      0x280 ./emlib/em_usart.o
 .debug_macro   0x00000000       0x40 ./emlib/em_usart.o
 .debug_macro   0x00000000      0x250 ./emlib/em_usart.o
 .debug_macro   0x00000000      0x1f0 ./emlib/em_usart.o
 .debug_macro   0x00000000      0x166 ./emlib/em_usart.o
 .debug_macro   0x00000000      0x252 ./emlib/em_usart.o
 .debug_macro   0x00000000     0x1bd7 ./emlib/em_usart.o
 .debug_macro   0x00000000       0x2e ./emlib/em_usart.o
 .debug_macro   0x00000000      0x427 ./emlib/em_usart.o
 .debug_macro   0x00000000      0x427 ./emlib/em_usart.o
 .debug_macro   0x00000000       0x22 ./emlib/em_usart.o
 .debug_macro   0x00000000       0x10 ./emlib/em_usart.o
 .debug_macro   0x00000000       0xcc ./emlib/em_usart.o
 .debug_macro   0x00000000       0x69 ./emlib/em_usart.o
 .debug_macro   0x00000000      0x33e ./emlib/em_usart.o
 .group         0x00000000        0xc ./src/UART_initGy.o
 .group         0x00000000        0xc ./src/UART_initGy.o
 .group         0x00000000        0xc ./src/UART_initGy.o
 .group         0x00000000        0xc ./src/UART_initGy.o
 .group         0x00000000        0xc ./src/UART_initGy.o
 .group         0x00000000        0xc ./src/UART_initGy.o
 .group         0x00000000        0xc ./src/UART_initGy.o
 .group         0x00000000        0xc ./src/UART_initGy.o
 .group         0x00000000        0xc ./src/UART_initGy.o
 .group         0x00000000        0xc ./src/UART_initGy.o
 .group         0x00000000        0xc ./src/UART_initGy.o
 .group         0x00000000        0xc ./src/UART_initGy.o
 .group         0x00000000        0xc ./src/UART_initGy.o
 .group         0x00000000        0xc ./src/UART_initGy.o
 .group         0x00000000        0xc ./src/UART_initGy.o
 .group         0x00000000        0xc ./src/UART_initGy.o
 .group         0x00000000        0xc ./src/UART_initGy.o
 .group         0x00000000        0xc ./src/UART_initGy.o
 .group         0x00000000        0xc ./src/UART_initGy.o
 .group         0x00000000        0xc ./src/UART_initGy.o
 .group         0x00000000        0xc ./src/UART_initGy.o
 .group         0x00000000        0xc ./src/UART_initGy.o
 .group         0x00000000        0xc ./src/UART_initGy.o
 .group         0x00000000        0xc ./src/UART_initGy.o
 .group         0x00000000        0xc ./src/UART_initGy.o
 .group         0x00000000        0xc ./src/UART_initGy.o
 .group         0x00000000        0xc ./src/UART_initGy.o
 .group         0x00000000        0xc ./src/UART_initGy.o
 .group         0x00000000        0xc ./src/UART_initGy.o
 .group         0x00000000        0xc ./src/UART_initGy.o
 .group         0x00000000        0xc ./src/UART_initGy.o
 .group         0x00000000        0xc ./src/UART_initGy.o
 .group         0x00000000        0xc ./src/UART_initGy.o
 .group         0x00000000        0xc ./src/UART_initGy.o
 .group         0x00000000        0xc ./src/UART_initGy.o
 .group         0x00000000        0xc ./src/UART_initGy.o
 .group         0x00000000        0xc ./src/UART_initGy.o
 .group         0x00000000        0xc ./src/UART_initGy.o
 .group         0x00000000        0xc ./src/UART_initGy.o
 .group         0x00000000        0xc ./src/UART_initGy.o
 .group         0x00000000        0xc ./src/UART_initGy.o
 .group         0x00000000        0xc ./src/UART_initGy.o
 .group         0x00000000        0xc ./src/UART_initGy.o
 .group         0x00000000        0xc ./src/UART_initGy.o
 .group         0x00000000        0xc ./src/UART_initGy.o
 .group         0x00000000        0xc ./src/UART_initGy.o
 .group         0x00000000        0xc ./src/UART_initGy.o
 .group         0x00000000        0xc ./src/UART_initGy.o
 .group         0x00000000        0xc ./src/UART_initGy.o
 .group         0x00000000        0xc ./src/UART_initGy.o
 .group         0x00000000        0xc ./src/UART_initGy.o
 .group         0x00000000        0xc ./src/UART_initGy.o
 .group         0x00000000        0xc ./src/UART_initGy.o
 .group         0x00000000        0xc ./src/UART_initGy.o
 .group         0x00000000        0xc ./src/UART_initGy.o
 .text          0x00000000        0x0 ./src/UART_initGy.o
 .data          0x00000000        0x0 ./src/UART_initGy.o
 .bss           0x00000000        0x0 ./src/UART_initGy.o
 .debug_macro   0x00000000      0xa48 ./src/UART_initGy.o
 .debug_macro   0x00000000      0x39b ./src/UART_initGy.o
 .debug_macro   0x00000000       0x22 ./src/UART_initGy.o
 .debug_macro   0x00000000       0x4f ./src/UART_initGy.o
 .debug_macro   0x00000000       0x51 ./src/UART_initGy.o
 .debug_macro   0x00000000       0xef ./src/UART_initGy.o
 .debug_macro   0x00000000       0x6a ./src/UART_initGy.o
 .debug_macro   0x00000000      0x1df ./src/UART_initGy.o
 .debug_macro   0x00000000       0x1c ./src/UART_initGy.o
 .debug_macro   0x00000000       0x22 ./src/UART_initGy.o
 .debug_macro   0x00000000       0xc3 ./src/UART_initGy.o
 .debug_macro   0x00000000      0xe18 ./src/UART_initGy.o
 .debug_macro   0x00000000       0xe2 ./src/UART_initGy.o
 .debug_macro   0x00000000     0x2869 ./src/UART_initGy.o
 .debug_macro   0x00000000      0x39e ./src/UART_initGy.o
 .debug_macro   0x00000000     0x3f12 ./src/UART_initGy.o
 .debug_macro   0x00000000      0x9a4 ./src/UART_initGy.o
 .debug_macro   0x00000000      0x6eb ./src/UART_initGy.o
 .debug_macro   0x00000000      0x283 ./src/UART_initGy.o
 .debug_macro   0x00000000     0x1e37 ./src/UART_initGy.o
 .debug_macro   0x00000000     0x30cb ./src/UART_initGy.o
 .debug_macro   0x00000000      0x37f ./src/UART_initGy.o
 .debug_macro   0x00000000      0x855 ./src/UART_initGy.o
 .debug_macro   0x00000000     0x230f ./src/UART_initGy.o
 .debug_macro   0x00000000     0x1bf6 ./src/UART_initGy.o
 .debug_macro   0x00000000     0x1709 ./src/UART_initGy.o
 .debug_macro   0x00000000      0x6d8 ./src/UART_initGy.o
 .debug_macro   0x00000000     0x106a ./src/UART_initGy.o
 .debug_macro   0x00000000     0x1d83 ./src/UART_initGy.o
 .debug_macro   0x00000000      0x33d ./src/UART_initGy.o
 .debug_macro   0x00000000      0xa66 ./src/UART_initGy.o
 .debug_macro   0x00000000      0xfe0 ./src/UART_initGy.o
 .debug_macro   0x00000000      0x894 ./src/UART_initGy.o
 .debug_macro   0x00000000      0xf85 ./src/UART_initGy.o
 .debug_macro   0x00000000     0x12a5 ./src/UART_initGy.o
 .debug_macro   0x00000000      0xc4a ./src/UART_initGy.o
 .debug_macro   0x00000000      0x74d ./src/UART_initGy.o
 .debug_macro   0x00000000      0x1c9 ./src/UART_initGy.o
 .debug_macro   0x00000000     0x1041 ./src/UART_initGy.o
 .debug_macro   0x00000000      0x280 ./src/UART_initGy.o
 .debug_macro   0x00000000       0x40 ./src/UART_initGy.o
 .debug_macro   0x00000000      0x250 ./src/UART_initGy.o
 .debug_macro   0x00000000      0x1f0 ./src/UART_initGy.o
 .debug_macro   0x00000000      0x166 ./src/UART_initGy.o
 .debug_macro   0x00000000      0x252 ./src/UART_initGy.o
 .debug_macro   0x00000000     0x1bd7 ./src/UART_initGy.o
 .debug_macro   0x00000000       0x2e ./src/UART_initGy.o
 .debug_macro   0x00000000      0x427 ./src/UART_initGy.o
 .debug_macro   0x00000000      0x427 ./src/UART_initGy.o
 .debug_macro   0x00000000       0x22 ./src/UART_initGy.o
 .debug_macro   0x00000000       0x10 ./src/UART_initGy.o
 .debug_macro   0x00000000       0xc6 ./src/UART_initGy.o
 .debug_macro   0x00000000       0x69 ./src/UART_initGy.o
 .debug_macro   0x00000000      0x33e ./src/UART_initGy.o
 .text          0x00000000       0x30 c:/siliconlabs/simplicitystudio/v4/developer/toolchains/gnu_arm/7.2_2017q4/bin/../lib/gcc/arm-none-eabi/7.2.1/thumb/v7-m\libgcc.a(_aeabi_uldivmod.o)
 .data          0x00000000        0x0 c:/siliconlabs/simplicitystudio/v4/developer/toolchains/gnu_arm/7.2_2017q4/bin/../lib/gcc/arm-none-eabi/7.2.1/thumb/v7-m\libgcc.a(_aeabi_uldivmod.o)
 .bss           0x00000000        0x0 c:/siliconlabs/simplicitystudio/v4/developer/toolchains/gnu_arm/7.2_2017q4/bin/../lib/gcc/arm-none-eabi/7.2.1/thumb/v7-m\libgcc.a(_aeabi_uldivmod.o)
 .debug_frame   0x00000000       0x2c c:/siliconlabs/simplicitystudio/v4/developer/toolchains/gnu_arm/7.2_2017q4/bin/../lib/gcc/arm-none-eabi/7.2.1/thumb/v7-m\libgcc.a(_aeabi_uldivmod.o)
 .ARM.attributes
                0x00000000       0x1d c:/siliconlabs/simplicitystudio/v4/developer/toolchains/gnu_arm/7.2_2017q4/bin/../lib/gcc/arm-none-eabi/7.2.1/thumb/v7-m\libgcc.a(_aeabi_uldivmod.o)
 .text          0x00000000      0x2d0 c:/siliconlabs/simplicitystudio/v4/developer/toolchains/gnu_arm/7.2_2017q4/bin/../lib/gcc/arm-none-eabi/7.2.1/thumb/v7-m\libgcc.a(_udivmoddi4.o)
 .data          0x00000000        0x0 c:/siliconlabs/simplicitystudio/v4/developer/toolchains/gnu_arm/7.2_2017q4/bin/../lib/gcc/arm-none-eabi/7.2.1/thumb/v7-m\libgcc.a(_udivmoddi4.o)
 .bss           0x00000000        0x0 c:/siliconlabs/simplicitystudio/v4/developer/toolchains/gnu_arm/7.2_2017q4/bin/../lib/gcc/arm-none-eabi/7.2.1/thumb/v7-m\libgcc.a(_udivmoddi4.o)
 .ARM.extab     0x00000000        0x0 c:/siliconlabs/simplicitystudio/v4/developer/toolchains/gnu_arm/7.2_2017q4/bin/../lib/gcc/arm-none-eabi/7.2.1/thumb/v7-m\libgcc.a(_udivmoddi4.o)
 .ARM.exidx     0x00000000        0x8 c:/siliconlabs/simplicitystudio/v4/developer/toolchains/gnu_arm/7.2_2017q4/bin/../lib/gcc/arm-none-eabi/7.2.1/thumb/v7-m\libgcc.a(_udivmoddi4.o)
 .debug_frame   0x00000000       0x34 c:/siliconlabs/simplicitystudio/v4/developer/toolchains/gnu_arm/7.2_2017q4/bin/../lib/gcc/arm-none-eabi/7.2.1/thumb/v7-m\libgcc.a(_udivmoddi4.o)
 .ARM.attributes
                0x00000000       0x2d c:/siliconlabs/simplicitystudio/v4/developer/toolchains/gnu_arm/7.2_2017q4/bin/../lib/gcc/arm-none-eabi/7.2.1/thumb/v7-m\libgcc.a(_udivmoddi4.o)
 .text          0x00000000        0x4 c:/siliconlabs/simplicitystudio/v4/developer/toolchains/gnu_arm/7.2_2017q4/bin/../lib/gcc/arm-none-eabi/7.2.1/thumb/v7-m\libgcc.a(_dvmd_tls.o)
 .data          0x00000000        0x0 c:/siliconlabs/simplicitystudio/v4/developer/toolchains/gnu_arm/7.2_2017q4/bin/../lib/gcc/arm-none-eabi/7.2.1/thumb/v7-m\libgcc.a(_dvmd_tls.o)
 .bss           0x00000000        0x0 c:/siliconlabs/simplicitystudio/v4/developer/toolchains/gnu_arm/7.2_2017q4/bin/../lib/gcc/arm-none-eabi/7.2.1/thumb/v7-m\libgcc.a(_dvmd_tls.o)
 .ARM.attributes
                0x00000000       0x1d c:/siliconlabs/simplicitystudio/v4/developer/toolchains/gnu_arm/7.2_2017q4/bin/../lib/gcc/arm-none-eabi/7.2.1/thumb/v7-m\libgcc.a(_dvmd_tls.o)
 .text          0x00000000        0x0 c:/siliconlabs/simplicitystudio/v4/developer/toolchains/gnu_arm/7.2_2017q4/bin/../lib/gcc/arm-none-eabi/7.2.1/../../../../arm-none-eabi/lib/thumb/v7-m\libc_nano.a(lib_a-exit.o)
 .data          0x00000000        0x0 c:/siliconlabs/simplicitystudio/v4/developer/toolchains/gnu_arm/7.2_2017q4/bin/../lib/gcc/arm-none-eabi/7.2.1/../../../../arm-none-eabi/lib/thumb/v7-m\libc_nano.a(lib_a-exit.o)
 .bss           0x00000000        0x0 c:/siliconlabs/simplicitystudio/v4/developer/toolchains/gnu_arm/7.2_2017q4/bin/../lib/gcc/arm-none-eabi/7.2.1/../../../../arm-none-eabi/lib/thumb/v7-m\libc_nano.a(lib_a-exit.o)
 .text          0x00000000        0x0 c:/siliconlabs/simplicitystudio/v4/developer/toolchains/gnu_arm/7.2_2017q4/bin/../lib/gcc/arm-none-eabi/7.2.1/../../../../arm-none-eabi/lib/thumb/v7-m\libc_nano.a(lib_a-impure.o)
 .data          0x00000000        0x0 c:/siliconlabs/simplicitystudio/v4/developer/toolchains/gnu_arm/7.2_2017q4/bin/../lib/gcc/arm-none-eabi/7.2.1/../../../../arm-none-eabi/lib/thumb/v7-m\libc_nano.a(lib_a-impure.o)
 .bss           0x00000000        0x0 c:/siliconlabs/simplicitystudio/v4/developer/toolchains/gnu_arm/7.2_2017q4/bin/../lib/gcc/arm-none-eabi/7.2.1/../../../../arm-none-eabi/lib/thumb/v7-m\libc_nano.a(lib_a-impure.o)
 .data._impure_ptr
                0x00000000        0x4 c:/siliconlabs/simplicitystudio/v4/developer/toolchains/gnu_arm/7.2_2017q4/bin/../lib/gcc/arm-none-eabi/7.2.1/../../../../arm-none-eabi/lib/thumb/v7-m\libc_nano.a(lib_a-impure.o)
 .text          0x00000000        0x0 c:/siliconlabs/simplicitystudio/v4/developer/toolchains/gnu_arm/7.2_2017q4/bin/../lib/gcc/arm-none-eabi/7.2.1/../../../../arm-none-eabi/lib/thumb/v7-m\libc_nano.a(lib_a-init.o)
 .data          0x00000000        0x0 c:/siliconlabs/simplicitystudio/v4/developer/toolchains/gnu_arm/7.2_2017q4/bin/../lib/gcc/arm-none-eabi/7.2.1/../../../../arm-none-eabi/lib/thumb/v7-m\libc_nano.a(lib_a-init.o)
 .bss           0x00000000        0x0 c:/siliconlabs/simplicitystudio/v4/developer/toolchains/gnu_arm/7.2_2017q4/bin/../lib/gcc/arm-none-eabi/7.2.1/../../../../arm-none-eabi/lib/thumb/v7-m\libc_nano.a(lib_a-init.o)
 .text          0x00000000        0x0 c:/siliconlabs/simplicitystudio/v4/developer/toolchains/gnu_arm/7.2_2017q4/bin/../lib/gcc/arm-none-eabi/7.2.1/../../../../arm-none-eabi/lib/thumb/v7-m\libc_nano.a(lib_a-memset.o)
 .data          0x00000000        0x0 c:/siliconlabs/simplicitystudio/v4/developer/toolchains/gnu_arm/7.2_2017q4/bin/../lib/gcc/arm-none-eabi/7.2.1/../../../../arm-none-eabi/lib/thumb/v7-m\libc_nano.a(lib_a-memset.o)
 .bss           0x00000000        0x0 c:/siliconlabs/simplicitystudio/v4/developer/toolchains/gnu_arm/7.2_2017q4/bin/../lib/gcc/arm-none-eabi/7.2.1/../../../../arm-none-eabi/lib/thumb/v7-m\libc_nano.a(lib_a-memset.o)
 .text          0x00000000        0x0 c:/siliconlabs/simplicitystudio/v4/developer/toolchains/gnu_arm/7.2_2017q4/bin/../lib/gcc/arm-none-eabi/7.2.1/../../../../arm-none-eabi/lib/thumb/v7-m\libnosys.a(_exit.o)
 .data          0x00000000        0x0 c:/siliconlabs/simplicitystudio/v4/developer/toolchains/gnu_arm/7.2_2017q4/bin/../lib/gcc/arm-none-eabi/7.2.1/../../../../arm-none-eabi/lib/thumb/v7-m\libnosys.a(_exit.o)
 .bss           0x00000000        0x0 c:/siliconlabs/simplicitystudio/v4/developer/toolchains/gnu_arm/7.2_2017q4/bin/../lib/gcc/arm-none-eabi/7.2.1/../../../../arm-none-eabi/lib/thumb/v7-m\libnosys.a(_exit.o)
 .text          0x00000000        0x0 c:/siliconlabs/simplicitystudio/v4/developer/toolchains/gnu_arm/7.2_2017q4/bin/../lib/gcc/arm-none-eabi/7.2.1/thumb/v7-m/crtend.o
 .data          0x00000000        0x0 c:/siliconlabs/simplicitystudio/v4/developer/toolchains/gnu_arm/7.2_2017q4/bin/../lib/gcc/arm-none-eabi/7.2.1/thumb/v7-m/crtend.o
 .bss           0x00000000        0x0 c:/siliconlabs/simplicitystudio/v4/developer/toolchains/gnu_arm/7.2_2017q4/bin/../lib/gcc/arm-none-eabi/7.2.1/thumb/v7-m/crtend.o
 .text          0x00000000        0x0 c:/siliconlabs/simplicitystudio/v4/developer/toolchains/gnu_arm/7.2_2017q4/bin/../lib/gcc/arm-none-eabi/7.2.1/thumb/v7-m/crtn.o
 .data          0x00000000        0x0 c:/siliconlabs/simplicitystudio/v4/developer/toolchains/gnu_arm/7.2_2017q4/bin/../lib/gcc/arm-none-eabi/7.2.1/thumb/v7-m/crtn.o
 .bss           0x00000000        0x0 c:/siliconlabs/simplicitystudio/v4/developer/toolchains/gnu_arm/7.2_2017q4/bin/../lib/gcc/arm-none-eabi/7.2.1/thumb/v7-m/crtn.o

Memory Configuration

Name             Origin             Length             Attributes
FLASH            0x00000000         0x00100000         xr
RAM              0x20000000         0x00020000         xrw
*default*        0x00000000         0xffffffff

Linker script and memory map

LOAD c:/siliconlabs/simplicitystudio/v4/developer/toolchains/gnu_arm/7.2_2017q4/bin/../lib/gcc/arm-none-eabi/7.2.1/thumb/v7-m/crti.o
LOAD c:/siliconlabs/simplicitystudio/v4/developer/toolchains/gnu_arm/7.2_2017q4/bin/../lib/gcc/arm-none-eabi/7.2.1/thumb/v7-m/crtbegin.o
LOAD c:/siliconlabs/simplicitystudio/v4/developer/toolchains/gnu_arm/7.2_2017q4/bin/../lib/gcc/arm-none-eabi/7.2.1/../../../../arm-none-eabi/lib/thumb/v7-m/crt0.o
LOAD ./CMSIS/EFM32GG/startup_gcc_efm32gg.o
LOAD ./CMSIS/EFM32GG/system_efm32gg.o
LOAD ./emlib/em_cmu.o
LOAD ./emlib/em_gpio.o
LOAD ./emlib/em_system.o
LOAD ./emlib/em_usart.o
LOAD ./src/UART_initGy.o
START GROUP
LOAD c:/siliconlabs/simplicitystudio/v4/developer/toolchains/gnu_arm/7.2_2017q4/bin/../lib/gcc/arm-none-eabi/7.2.1/thumb/v7-m\libgcc.a
LOAD c:/siliconlabs/simplicitystudio/v4/developer/toolchains/gnu_arm/7.2_2017q4/bin/../lib/gcc/arm-none-eabi/7.2.1/../../../../arm-none-eabi/lib/thumb/v7-m\libc_nano.a
LOAD c:/siliconlabs/simplicitystudio/v4/developer/toolchains/gnu_arm/7.2_2017q4/bin/../lib/gcc/arm-none-eabi/7.2.1/../../../../arm-none-eabi/lib/thumb/v7-m\libnosys.a
END GROUP
START GROUP
LOAD c:/siliconlabs/simplicitystudio/v4/developer/toolchains/gnu_arm/7.2_2017q4/bin/../lib/gcc/arm-none-eabi/7.2.1/thumb/v7-m\libgcc.a
LOAD c:/siliconlabs/simplicitystudio/v4/developer/toolchains/gnu_arm/7.2_2017q4/bin/../lib/gcc/arm-none-eabi/7.2.1/../../../../arm-none-eabi/lib/thumb/v7-m\libg_nano.a
LOAD c:/siliconlabs/simplicitystudio/v4/developer/toolchains/gnu_arm/7.2_2017q4/bin/../lib/gcc/arm-none-eabi/7.2.1/../../../../arm-none-eabi/lib/thumb/v7-m\libc_nano.a
END GROUP
START GROUP
LOAD c:/siliconlabs/simplicitystudio/v4/developer/toolchains/gnu_arm/7.2_2017q4/bin/../lib/gcc/arm-none-eabi/7.2.1/thumb/v7-m\libgcc.a
LOAD c:/siliconlabs/simplicitystudio/v4/developer/toolchains/gnu_arm/7.2_2017q4/bin/../lib/gcc/arm-none-eabi/7.2.1/../../../../arm-none-eabi/lib/thumb/v7-m\libc_nano.a
END GROUP
LOAD c:/siliconlabs/simplicitystudio/v4/developer/toolchains/gnu_arm/7.2_2017q4/bin/../lib/gcc/arm-none-eabi/7.2.1/thumb/v7-m/crtend.o
LOAD c:/siliconlabs/simplicitystudio/v4/developer/toolchains/gnu_arm/7.2_2017q4/bin/../lib/gcc/arm-none-eabi/7.2.1/thumb/v7-m/crtn.o

.text           0x00000000     0x13e4
 *(.vectors)
 .vectors       0x00000000       0xdc ./CMSIS/EFM32GG/startup_gcc_efm32gg.o
                0x00000000                __Vectors
                0x000000dc                __Vectors_End = .
                0x000000dc                __Vectors_Size = (__Vectors_End - __Vectors)
                0x000000dc                __end__ = .
 *(.text*)
 .text          0x000000dc       0x40 c:/siliconlabs/simplicitystudio/v4/developer/toolchains/gnu_arm/7.2_2017q4/bin/../lib/gcc/arm-none-eabi/7.2.1/thumb/v7-m/crtbegin.o
 .text          0x0000011c       0x74 c:/siliconlabs/simplicitystudio/v4/developer/toolchains/gnu_arm/7.2_2017q4/bin/../lib/gcc/arm-none-eabi/7.2.1/../../../../arm-none-eabi/lib/thumb/v7-m/crt0.o
                0x0000011c                _start
                0x0000011c                _mainCRTStartup
 .text          0x00000190       0x30 ./CMSIS/EFM32GG/startup_gcc_efm32gg.o
                0x00000190                Reset_Handler
                0x000001bc                DebugMon_Handler
                0x000001bc                USART0_TX_IRQHandler
                0x000001bc                I2C0_IRQHandler
                0x000001bc                HardFault_Handler
                0x000001bc                LEUART1_IRQHandler
                0x000001bc                SysTick_Handler
                0x000001bc                USART1_RX_IRQHandler
                0x000001bc                PendSV_Handler
                0x000001bc                NMI_Handler
                0x000001bc                I2C1_IRQHandler
                0x000001bc                TIMER3_IRQHandler
                0x000001bc                USART1_TX_IRQHandler
                0x000001bc                MSC_IRQHandler
                0x000001bc                ADC0_IRQHandler
                0x000001bc                UsageFault_Handler
                0x000001bc                LEUART0_IRQHandler
                0x000001bc                GPIO_EVEN_IRQHandler
                0x000001bc                UART0_TX_IRQHandler
                0x000001bc                UART1_TX_IRQHandler
                0x000001bc                RTC_IRQHandler
                0x000001bc                TIMER0_IRQHandler
                0x000001bc                TIMER2_IRQHandler
                0x000001bc                LCD_IRQHandler
                0x000001bc                PCNT2_IRQHandler
                0x000001bc                UART0_RX_IRQHandler
                0x000001bc                LETIMER0_IRQHandler
                0x000001bc                TIMER1_IRQHandler
                0x000001bc                USART2_RX_IRQHandler
                0x000001bc                Default_Handler
                0x000001bc                EMU_IRQHandler
                0x000001bc                PCNT0_IRQHandler
                0x000001bc                sl_app_properties
                0x000001bc                USB_IRQHandler
                0x000001bc                BURTC_IRQHandler
                0x000001bc                PCNT1_IRQHandler
                0x000001bc                ACMP0_IRQHandler
                0x000001bc                USART0_RX_IRQHandler
                0x000001bc                MemManage_Handler
                0x000001bc                SVC_Handler
                0x000001bc                DAC0_IRQHandler
                0x000001bc                UART1_RX_IRQHandler
                0x000001bc                CMU_IRQHandler
                0x000001bc                EBI_IRQHandler
                0x000001bc                LESENSE_IRQHandler
                0x000001bc                GPIO_ODD_IRQHandler
                0x000001bc                AES_IRQHandler
                0x000001bc                VCMP_IRQHandler
                0x000001bc                DMA_IRQHandler
                0x000001bc                BusFault_Handler
                0x000001bc                USART2_TX_IRQHandler
 .text.GetProdRev
                0x000001c0       0x18 ./CMSIS/EFM32GG/system_efm32gg.o
 .text.SystemCoreClockGet
                0x000001d8       0x34 ./CMSIS/EFM32GG/system_efm32gg.o
                0x000001d8                SystemCoreClockGet
 .text.SystemHFClockGet
                0x0000020c      0x100 ./CMSIS/EFM32GG/system_efm32gg.o
                0x0000020c                SystemHFClockGet
 .text.SystemInit
                0x0000030c       0x1c ./CMSIS/EFM32GG/system_efm32gg.o
                0x0000030c                SystemInit
 .text.SystemLFRCOClockGet
                0x00000328       0x10 ./CMSIS/EFM32GG/system_efm32gg.o
                0x00000328                SystemLFRCOClockGet
 .text.SystemULFRCOClockGet
                0x00000338       0x10 ./CMSIS/EFM32GG/system_efm32gg.o
                0x00000338                SystemULFRCOClockGet
 .text.SystemLFXOClockGet
                0x00000348       0x14 ./CMSIS/EFM32GG/system_efm32gg.o
                0x00000348                SystemLFXOClockGet
 .text.BUS_RegBitWrite
                0x0000035c       0x2c ./emlib/em_cmu.o
 .text.BUS_RegBitRead
                0x00000388       0x28 ./emlib/em_cmu.o
 .text.SL_Log2ToDiv
                0x000003b0       0x1a ./emlib/em_cmu.o
 .text.CMU_DivToLog2
                0x000003ca       0x30 ./emlib/em_cmu.o
 *fill*         0x000003fa        0x2 
 .text.SYSTEM_GetProdRev
                0x000003fc       0x18 ./emlib/em_cmu.o
 .text.SYSTEM_GetFamily
                0x00000414       0x18 ./emlib/em_cmu.o
 .text.maxFreqHfle
                0x0000042c       0x7c ./emlib/em_cmu.o
 .text.setHfLeConfig
                0x000004a8       0x64 ./emlib/em_cmu.o
 .text.getHfLeConfig
                0x0000050c       0x20 ./emlib/em_cmu.o
 .text.auxClkGet
                0x0000052c       0xb0 ./emlib/em_cmu.o
 .text.dbgClkGet
                0x000005dc       0x40 ./emlib/em_cmu.o
 .text.lfClkGet
                0x0000061c       0xec ./emlib/em_cmu.o
 .text.syncReg  0x00000708       0x34 ./emlib/em_cmu.o
 .text.usbCClkGet
                0x0000073c       0x4c ./emlib/em_cmu.o
 .text.CMU_ClockDivGet
                0x00000788      0x1a4 ./emlib/em_cmu.o
                0x00000788                CMU_ClockDivGet
 .text.CMU_ClockEnable
                0x0000092c       0xc8 ./emlib/em_cmu.o
                0x0000092c                CMU_ClockEnable
 .text.CMU_ClockFreqGet
                0x000009f4      0x200 ./emlib/em_cmu.o
                0x000009f4                CMU_ClockFreqGet
 .text.CMU_ClockSelectGet
                0x00000bf4      0x15c ./emlib/em_cmu.o
                0x00000bf4                CMU_ClockSelectGet
 .text.GPIO_PinOutClear
                0x00000d50       0x58 ./emlib/em_gpio.o
 .text.GPIO_PinOutSet
                0x00000da8       0x58 ./emlib/em_gpio.o
 .text.GPIO_PinModeSet
                0x00000e00      0x118 ./emlib/em_gpio.o
                0x00000e00                GPIO_PinModeSet
 .text.SYSTEM_ChipRevisionGet
                0x00000f18       0x78 ./emlib/em_system.o
                0x00000f18                SYSTEM_ChipRevisionGet
 .text.prsRxInput
                0x00000f90       0x24 ./emlib/em_usart.o
 .text.USART_BaudrateAsyncSet
                0x00000fb4       0xb0 ./emlib/em_usart.o
                0x00000fb4                USART_BaudrateAsyncSet
 .text.USART_InitAsync
                0x00001064       0xc4 ./emlib/em_usart.o
                0x00001064                USART_InitAsync
 .text.USART_Reset
                0x00001128       0xb0 ./emlib/em_usart.o
                0x00001128                USART_Reset
 .text.USART_Rx
                0x000011d8       0x26 ./emlib/em_usart.o
                0x000011d8                USART_Rx
 .text.USART_Tx
                0x000011fe       0x2a ./emlib/em_usart.o
                0x000011fe                USART_Tx
 .text.SYSTEM_GetProdRev
                0x00001228       0x18 ./src/UART_initGy.o
 .text.CHIP_Init
                0x00001240       0x48 ./src/UART_initGy.o
 .text.main     0x00001288       0xb8 ./src/UART_initGy.o
                0x00001288                main
 .text.exit     0x00001340       0x28 c:/siliconlabs/simplicitystudio/v4/developer/toolchains/gnu_arm/7.2_2017q4/bin/../lib/gcc/arm-none-eabi/7.2.1/../../../../arm-none-eabi/lib/thumb/v7-m\libc_nano.a(lib_a-exit.o)
                0x00001340                exit
 .text.__libc_init_array
                0x00001368       0x48 c:/siliconlabs/simplicitystudio/v4/developer/toolchains/gnu_arm/7.2_2017q4/bin/../lib/gcc/arm-none-eabi/7.2.1/../../../../arm-none-eabi/lib/thumb/v7-m\libc_nano.a(lib_a-init.o)
                0x00001368                __libc_init_array
 .text.memset   0x000013b0       0x10 c:/siliconlabs/simplicitystudio/v4/developer/toolchains/gnu_arm/7.2_2017q4/bin/../lib/gcc/arm-none-eabi/7.2.1/../../../../arm-none-eabi/lib/thumb/v7-m\libc_nano.a(lib_a-memset.o)
                0x000013b0                memset
 .text._exit    0x000013c0        0x4 c:/siliconlabs/simplicitystudio/v4/developer/toolchains/gnu_arm/7.2_2017q4/bin/../lib/gcc/arm-none-eabi/7.2.1/../../../../arm-none-eabi/lib/thumb/v7-m\libnosys.a(_exit.o)
                0x000013c0                _exit
 *(.init)
 .init          0x000013c4        0x4 c:/siliconlabs/simplicitystudio/v4/developer/toolchains/gnu_arm/7.2_2017q4/bin/../lib/gcc/arm-none-eabi/7.2.1/thumb/v7-m/crti.o
                0x000013c4                _init
 .init          0x000013c8        0x8 c:/siliconlabs/simplicitystudio/v4/developer/toolchains/gnu_arm/7.2_2017q4/bin/../lib/gcc/arm-none-eabi/7.2.1/thumb/v7-m/crtn.o
 *(.fini)
 .fini          0x000013d0        0x4 c:/siliconlabs/simplicitystudio/v4/developer/toolchains/gnu_arm/7.2_2017q4/bin/../lib/gcc/arm-none-eabi/7.2.1/thumb/v7-m/crti.o
                0x000013d0                _fini
 .fini          0x000013d4        0x8 c:/siliconlabs/simplicitystudio/v4/developer/toolchains/gnu_arm/7.2_2017q4/bin/../lib/gcc/arm-none-eabi/7.2.1/thumb/v7-m/crtn.o
 *crtbegin.o(.ctors)
 *crtbegin?.o(.ctors)
 *(EXCLUDE_FILE(*crtend.o *crtend?.o) .ctors)
 *(SORT_BY_NAME(.ctors.*))
 *(.ctors)
 *crtbegin.o(.dtors)
 *crtbegin?.o(.dtors)
 *(EXCLUDE_FILE(*crtend.o *crtend?.o) .dtors)
 *(SORT_BY_NAME(.dtors.*))
 *(.dtors)
 *(.rodata*)
 .rodata._global_impure_ptr
                0x000013dc        0x4 c:/siliconlabs/simplicitystudio/v4/developer/toolchains/gnu_arm/7.2_2017q4/bin/../lib/gcc/arm-none-eabi/7.2.1/../../../../arm-none-eabi/lib/thumb/v7-m\libc_nano.a(lib_a-impure.o)
                0x000013dc                _global_impure_ptr
 *(.eh_frame*)
 .eh_frame      0x000013e0        0x0 c:/siliconlabs/simplicitystudio/v4/developer/toolchains/gnu_arm/7.2_2017q4/bin/../lib/gcc/arm-none-eabi/7.2.1/thumb/v7-m/crtbegin.o
 .eh_frame      0x000013e0        0x4 c:/siliconlabs/simplicitystudio/v4/developer/toolchains/gnu_arm/7.2_2017q4/bin/../lib/gcc/arm-none-eabi/7.2.1/thumb/v7-m/crtend.o

.glue_7         0x000013e4        0x0
 .glue_7        0x000013e4        0x0 linker stubs

.glue_7t        0x000013e4        0x0
 .glue_7t       0x000013e4        0x0 linker stubs

.vfp11_veneer   0x000013e4        0x0
 .vfp11_veneer  0x000013e4        0x0 linker stubs

.v4_bx          0x000013e4        0x0
 .v4_bx         0x000013e4        0x0 linker stubs

.iplt           0x000013e4        0x0
 .iplt          0x000013e4        0x0 c:/siliconlabs/simplicitystudio/v4/developer/toolchains/gnu_arm/7.2_2017q4/bin/../lib/gcc/arm-none-eabi/7.2.1/thumb/v7-m/crtbegin.o

.ARM.extab
 *(.ARM.extab* .gnu.linkonce.armextab.*)
                0x000013e4                __exidx_start = .

.ARM.exidx      0x000013e4        0x8
 *(.ARM.exidx* .gnu.linkonce.armexidx.*)
 .ARM.exidx     0x000013e4        0x8 c:/siliconlabs/simplicitystudio/v4/developer/toolchains/gnu_arm/7.2_2017q4/bin/../lib/gcc/arm-none-eabi/7.2.1/../../../../arm-none-eabi/lib/thumb/v7-m/crt0.o
                0x000013ec                __exidx_end = .
                0x000013ec                __etext = .

.rel.dyn        0x000013ec        0x0
 .rel.iplt      0x000013ec        0x0 c:/siliconlabs/simplicitystudio/v4/developer/toolchains/gnu_arm/7.2_2017q4/bin/../lib/gcc/arm-none-eabi/7.2.1/thumb/v7-m/crtbegin.o

.data           0x20000000       0x8c load address 0x000013ec
                0x20000000                __data_start__ = .
 *(vtable)
 *(.data*)
 .data.SystemHFXOClock
                0x20000000        0x4 ./CMSIS/EFM32GG/system_efm32gg.o
 .data.SystemLFXOClock
                0x20000004        0x4 ./CMSIS/EFM32GG/system_efm32gg.o
 .data.SystemCoreClock
                0x20000008        0x4 ./CMSIS/EFM32GG/system_efm32gg.o
                0x20000008                SystemCoreClock
 .data.UART0_init
                0x2000000c       0x18 ./src/UART_initGy.o
                0x2000000c                UART0_init
 .data.impure_data
                0x20000024       0x60 c:/siliconlabs/simplicitystudio/v4/developer/toolchains/gnu_arm/7.2_2017q4/bin/../lib/gcc/arm-none-eabi/7.2.1/../../../../arm-none-eabi/lib/thumb/v7-m\libc_nano.a(lib_a-impure.o)
                0x20000084                . = ALIGN (0x4)
                [!provide]                PROVIDE (__ram_func_section_start, .)
 *(.ram)
                [!provide]                PROVIDE (__ram_func_section_end, .)
                0x20000084                . = ALIGN (0x4)
                0x20000084                PROVIDE (__preinit_array_start, .)
 *(.preinit_array)
                0x20000084                PROVIDE (__preinit_array_end, .)
                0x20000084                . = ALIGN (0x4)
                0x20000084                PROVIDE (__init_array_start, .)
 *(SORT_BY_NAME(.init_array.*))
 *(.init_array)
 .init_array    0x20000084        0x4 c:/siliconlabs/simplicitystudio/v4/developer/toolchains/gnu_arm/7.2_2017q4/bin/../lib/gcc/arm-none-eabi/7.2.1/thumb/v7-m/crtbegin.o
                0x20000088                PROVIDE (__init_array_end, .)
                0x20000088                . = ALIGN (0x4)
                [!provide]                PROVIDE (__fini_array_start, .)
 *(SORT_BY_NAME(.fini_array.*))
 *(.fini_array)
 .fini_array    0x20000088        0x4 c:/siliconlabs/simplicitystudio/v4/developer/toolchains/gnu_arm/7.2_2017q4/bin/../lib/gcc/arm-none-eabi/7.2.1/thumb/v7-m/crtbegin.o
                [!provide]                PROVIDE (__fini_array_end, .)
 *(.jcr*)
                0x2000008c                . = ALIGN (0x4)
                0x2000008c                __data_end__ = .

.igot.plt       0x2000008c        0x0 load address 0x00001478
 .igot.plt      0x2000008c        0x0 c:/siliconlabs/simplicitystudio/v4/developer/toolchains/gnu_arm/7.2_2017q4/bin/../lib/gcc/arm-none-eabi/7.2.1/thumb/v7-m/crtbegin.o

.bss            0x2000008c       0x1c load address 0x00001478
                0x2000008c                . = ALIGN (0x4)
                0x2000008c                __bss_start__ = .
 *(.bss*)
 .bss           0x2000008c       0x1c c:/siliconlabs/simplicitystudio/v4/developer/toolchains/gnu_arm/7.2_2017q4/bin/../lib/gcc/arm-none-eabi/7.2.1/thumb/v7-m/crtbegin.o
 *(COMMON)
                0x200000a8                . = ALIGN (0x4)
                0x200000a8                __bss_end__ = .

.heap           0x200000a8      0xc00
                0x200000a8                __HeapBase = .
                0x200000a8                __end__ = .
                0x200000a8                end = __end__
                0x200000a8                _end = __end__
 *(.heap*)
 .heap          0x200000a8      0xc00 ./CMSIS/EFM32GG/startup_gcc_efm32gg.o
                0x20000ca8                __HeapLimit = .

.stack_dummy    0x200000a8      0x400
 *(.stack*)
 .stack         0x200000a8      0x400 ./CMSIS/EFM32GG/startup_gcc_efm32gg.o
                0x20020000                __StackTop = (ORIGIN (RAM) + LENGTH (RAM))
                0x2001fc00                __StackLimit = (__StackTop - SIZEOF (.stack_dummy))
                0x20020000                PROVIDE (__stack, __StackTop)
                0x00000001                ASSERT ((__StackLimit >= __HeapLimit), region RAM overflowed with stack)
                0x00000001                ASSERT ((LENGTH (FLASH) >= (__etext + SIZEOF (.data))), FLASH memory overflowed !)
OUTPUT(gyak3_2023.axf elf32-littlearm)

.ARM.attributes
                0x00000000       0x29
 .ARM.attributes
                0x00000000       0x1d c:/siliconlabs/simplicitystudio/v4/developer/toolchains/gnu_arm/7.2_2017q4/bin/../lib/gcc/arm-none-eabi/7.2.1/thumb/v7-m/crti.o
 .ARM.attributes
                0x0000001d       0x2d c:/siliconlabs/simplicitystudio/v4/developer/toolchains/gnu_arm/7.2_2017q4/bin/../lib/gcc/arm-none-eabi/7.2.1/thumb/v7-m/crtbegin.o
 .ARM.attributes
                0x0000004a       0x1b c:/siliconlabs/simplicitystudio/v4/developer/toolchains/gnu_arm/7.2_2017q4/bin/../lib/gcc/arm-none-eabi/7.2.1/../../../../arm-none-eabi/lib/thumb/v7-m/crt0.o
 .ARM.attributes
                0x00000065       0x1b ./CMSIS/EFM32GG/startup_gcc_efm32gg.o
 .ARM.attributes
                0x00000080       0x33 ./CMSIS/EFM32GG/system_efm32gg.o
 .ARM.attributes
                0x000000b3       0x33 ./emlib/em_cmu.o
 .ARM.attributes
                0x000000e6       0x33 ./emlib/em_gpio.o
 .ARM.attributes
                0x00000119       0x33 ./emlib/em_system.o
 .ARM.attributes
                0x0000014c       0x33 ./emlib/em_usart.o
 .ARM.attributes
                0x0000017f       0x33 ./src/UART_initGy.o
 .ARM.attributes
                0x000001b2       0x2d c:/siliconlabs/simplicitystudio/v4/developer/toolchains/gnu_arm/7.2_2017q4/bin/../lib/gcc/arm-none-eabi/7.2.1/../../../../arm-none-eabi/lib/thumb/v7-m\libc_nano.a(lib_a-exit.o)
 .ARM.attributes
                0x000001df       0x2d c:/siliconlabs/simplicitystudio/v4/developer/toolchains/gnu_arm/7.2_2017q4/bin/../lib/gcc/arm-none-eabi/7.2.1/../../../../arm-none-eabi/lib/thumb/v7-m\libc_nano.a(lib_a-impure.o)
 .ARM.attributes
                0x0000020c       0x2d c:/siliconlabs/simplicitystudio/v4/developer/toolchains/gnu_arm/7.2_2017q4/bin/../lib/gcc/arm-none-eabi/7.2.1/../../../../arm-none-eabi/lib/thumb/v7-m\libc_nano.a(lib_a-init.o)
 .ARM.attributes
                0x00000239       0x2d c:/siliconlabs/simplicitystudio/v4/developer/toolchains/gnu_arm/7.2_2017q4/bin/../lib/gcc/arm-none-eabi/7.2.1/../../../../arm-none-eabi/lib/thumb/v7-m\libc_nano.a(lib_a-memset.o)
 .ARM.attributes
                0x00000266       0x2d c:/siliconlabs/simplicitystudio/v4/developer/toolchains/gnu_arm/7.2_2017q4/bin/../lib/gcc/arm-none-eabi/7.2.1/../../../../arm-none-eabi/lib/thumb/v7-m\libnosys.a(_exit.o)
 .ARM.attributes
                0x00000293       0x2d c:/siliconlabs/simplicitystudio/v4/developer/toolchains/gnu_arm/7.2_2017q4/bin/../lib/gcc/arm-none-eabi/7.2.1/thumb/v7-m/crtend.o
 .ARM.attributes
                0x000002c0       0x1d c:/siliconlabs/simplicitystudio/v4/developer/toolchains/gnu_arm/7.2_2017q4/bin/../lib/gcc/arm-none-eabi/7.2.1/thumb/v7-m/crtn.o

.comment        0x00000000       0x7e
 .comment       0x00000000       0x7e ./CMSIS/EFM32GG/system_efm32gg.o
                                 0x7f (size before relaxing)
 .comment       0x0000007e       0x7f ./emlib/em_cmu.o
 .comment       0x0000007e       0x7f ./emlib/em_gpio.o
 .comment       0x0000007e       0x7f ./emlib/em_system.o
 .comment       0x0000007e       0x7f ./emlib/em_usart.o
 .comment       0x0000007e       0x7f ./src/UART_initGy.o

.debug_line     0x00000000     0x3f04
 .debug_line    0x00000000       0x72 ./CMSIS/EFM32GG/startup_gcc_efm32gg.o
 .debug_line    0x00000072      0x835 ./CMSIS/EFM32GG/system_efm32gg.o
 .debug_line    0x000008a7     0x10ab ./emlib/em_cmu.o
 .debug_line    0x00001952      0x9b7 ./emlib/em_gpio.o
 .debug_line    0x00002309      0x80f ./emlib/em_system.o
 .debug_line    0x00002b18      0xb7e ./emlib/em_usart.o
 .debug_line    0x00003696      0x86e ./src/UART_initGy.o

.debug_info     0x00000000     0x40e4
 .debug_info    0x00000000       0x26 ./CMSIS/EFM32GG/startup_gcc_efm32gg.o
 .debug_info    0x00000026      0x7a7 ./CMSIS/EFM32GG/system_efm32gg.o
 .debug_info    0x000007cd     0x1624 ./emlib/em_cmu.o
 .debug_info    0x00001df1      0x6f4 ./emlib/em_gpio.o
 .debug_info    0x000024e5      0x2d6 ./emlib/em_system.o
 .debug_info    0x000027bb      0xf50 ./emlib/em_usart.o
 .debug_info    0x0000370b      0x9d9 ./src/UART_initGy.o

.debug_abbrev   0x00000000      0xc55
 .debug_abbrev  0x00000000       0x14 ./CMSIS/EFM32GG/startup_gcc_efm32gg.o
 .debug_abbrev  0x00000014      0x1eb ./CMSIS/EFM32GG/system_efm32gg.o
 .debug_abbrev  0x000001ff      0x307 ./emlib/em_cmu.o
 .debug_abbrev  0x00000506      0x21d ./emlib/em_gpio.o
 .debug_abbrev  0x00000723      0x153 ./emlib/em_system.o
 .debug_abbrev  0x00000876      0x230 ./emlib/em_usart.o
 .debug_abbrev  0x00000aa6      0x1af ./src/UART_initGy.o

.debug_aranges  0x00000000      0x3b0
 .debug_aranges
                0x00000000       0x20 ./CMSIS/EFM32GG/startup_gcc_efm32gg.o
 .debug_aranges
                0x00000020       0x70 ./CMSIS/EFM32GG/system_efm32gg.o
 .debug_aranges
                0x00000090      0x180 ./emlib/em_cmu.o
 .debug_aranges
                0x00000210       0x78 ./emlib/em_gpio.o
 .debug_aranges
                0x00000288       0x28 ./emlib/em_system.o
 .debug_aranges
                0x000002b0       0xd0 ./emlib/em_usart.o
 .debug_aranges
                0x00000380       0x30 ./src/UART_initGy.o

.debug_str      0x00000000    0xd7adb
 .debug_str     0x00000000       0x85 ./CMSIS/EFM32GG/startup_gcc_efm32gg.o
 .debug_str     0x00000085    0xd281b ./CMSIS/EFM32GG/system_efm32gg.o
                              0xd2e91 (size before relaxing)
 .debug_str     0x000d28a0     0x3f39 ./emlib/em_cmu.o
                              0xd6ccd (size before relaxing)
 .debug_str     0x000d67d9      0x470 ./emlib/em_gpio.o
                              0xd36c5 (size before relaxing)
 .debug_str     0x000d6c49       0xac ./emlib/em_system.o
                              0xd2f5a (size before relaxing)
 .debug_str     0x000d6cf5      0xd9c ./emlib/em_usart.o
                              0xd5028 (size before relaxing)
 .debug_str     0x000d7a91       0x4a ./src/UART_initGy.o
                              0xd4d8a (size before relaxing)

.debug_loc      0x00000000     0x1eda
 .debug_loc     0x00000000      0x31c ./CMSIS/EFM32GG/system_efm32gg.o
 .debug_loc     0x0000031c      0xe4c ./emlib/em_cmu.o
 .debug_loc     0x00001168      0x420 ./emlib/em_gpio.o
 .debug_loc     0x00001588       0xb8 ./emlib/em_system.o
 .debug_loc     0x00001640      0x7da ./emlib/em_usart.o
 .debug_loc     0x00001e1a       0xc0 ./src/UART_initGy.o

.debug_ranges   0x00000000      0x330
 .debug_ranges  0x00000000       0x60 ./CMSIS/EFM32GG/system_efm32gg.o
 .debug_ranges  0x00000060      0x170 ./emlib/em_cmu.o
 .debug_ranges  0x000001d0       0x68 ./emlib/em_gpio.o
 .debug_ranges  0x00000238       0x18 ./emlib/em_system.o
 .debug_ranges  0x00000250       0xc0 ./emlib/em_usart.o
 .debug_ranges  0x00000310       0x20 ./src/UART_initGy.o

.debug_macro    0x00000000    0x24114
 .debug_macro   0x00000000      0x28e ./CMSIS/EFM32GG/system_efm32gg.o
 .debug_macro   0x0000028e      0xa48 ./CMSIS/EFM32GG/system_efm32gg.o
 .debug_macro   0x00000cd6       0x22 ./CMSIS/EFM32GG/system_efm32gg.o
 .debug_macro   0x00000cf8       0x4f ./CMSIS/EFM32GG/system_efm32gg.o
 .debug_macro   0x00000d47       0x51 ./CMSIS/EFM32GG/system_efm32gg.o
 .debug_macro   0x00000d98       0xef ./CMSIS/EFM32GG/system_efm32gg.o
 .debug_macro   0x00000e87       0x6a ./CMSIS/EFM32GG/system_efm32gg.o
 .debug_macro   0x00000ef1      0x1df ./CMSIS/EFM32GG/system_efm32gg.o
 .debug_macro   0x000010d0      0x39b ./CMSIS/EFM32GG/system_efm32gg.o
 .debug_macro   0x0000146b       0x1c ./CMSIS/EFM32GG/system_efm32gg.o
 .debug_macro   0x00001487       0x22 ./CMSIS/EFM32GG/system_efm32gg.o
 .debug_macro   0x000014a9       0xc3 ./CMSIS/EFM32GG/system_efm32gg.o
 .debug_macro   0x0000156c      0xe18 ./CMSIS/EFM32GG/system_efm32gg.o
 .debug_macro   0x00002384       0xe2 ./CMSIS/EFM32GG/system_efm32gg.o
 .debug_macro   0x00002466     0x2869 ./CMSIS/EFM32GG/system_efm32gg.o
 .debug_macro   0x00004ccf      0x39e ./CMSIS/EFM32GG/system_efm32gg.o
 .debug_macro   0x0000506d     0x3f12 ./CMSIS/EFM32GG/system_efm32gg.o
 .debug_macro   0x00008f7f      0x9a4 ./CMSIS/EFM32GG/system_efm32gg.o
 .debug_macro   0x00009923      0x6eb ./CMSIS/EFM32GG/system_efm32gg.o
 .debug_macro   0x0000a00e      0x283 ./CMSIS/EFM32GG/system_efm32gg.o
 .debug_macro   0x0000a291     0x1e37 ./CMSIS/EFM32GG/system_efm32gg.o
 .debug_macro   0x0000c0c8     0x30cb ./CMSIS/EFM32GG/system_efm32gg.o
 .debug_macro   0x0000f193      0x37f ./CMSIS/EFM32GG/system_efm32gg.o
 .debug_macro   0x0000f512      0x855 ./CMSIS/EFM32GG/system_efm32gg.o
 .debug_macro   0x0000fd67     0x230f ./CMSIS/EFM32GG/system_efm32gg.o
 .debug_macro   0x00012076     0x1bf6 ./CMSIS/EFM32GG/system_efm32gg.o
 .debug_macro   0x00013c6c     0x1709 ./CMSIS/EFM32GG/system_efm32gg.o
 .debug_macro   0x00015375      0x6d8 ./CMSIS/EFM32GG/system_efm32gg.o
 .debug_macro   0x00015a4d     0x106a ./CMSIS/EFM32GG/system_efm32gg.o
 .debug_macro   0x00016ab7     0x1d83 ./CMSIS/EFM32GG/system_efm32gg.o
 .debug_macro   0x0001883a      0x33d ./CMSIS/EFM32GG/system_efm32gg.o
 .debug_macro   0x00018b77      0xa66 ./CMSIS/EFM32GG/system_efm32gg.o
 .debug_macro   0x000195dd      0xfe0 ./CMSIS/EFM32GG/system_efm32gg.o
 .debug_macro   0x0001a5bd      0x894 ./CMSIS/EFM32GG/system_efm32gg.o
 .debug_macro   0x0001ae51      0xf85 ./CMSIS/EFM32GG/system_efm32gg.o
 .debug_macro   0x0001bdd6     0x12a5 ./CMSIS/EFM32GG/system_efm32gg.o
 .debug_macro   0x0001d07b      0xc4a ./CMSIS/EFM32GG/system_efm32gg.o
 .debug_macro   0x0001dcc5      0x74d ./CMSIS/EFM32GG/system_efm32gg.o
 .debug_macro   0x0001e412      0x1c9 ./CMSIS/EFM32GG/system_efm32gg.o
 .debug_macro   0x0001e5db     0x1041 ./CMSIS/EFM32GG/system_efm32gg.o
 .debug_macro   0x0001f61c      0x280 ./CMSIS/EFM32GG/system_efm32gg.o
 .debug_macro   0x0001f89c       0x40 ./CMSIS/EFM32GG/system_efm32gg.o
 .debug_macro   0x0001f8dc      0x250 ./CMSIS/EFM32GG/system_efm32gg.o
 .debug_macro   0x0001fb2c      0x1f0 ./CMSIS/EFM32GG/system_efm32gg.o
 .debug_macro   0x0001fd1c      0x166 ./CMSIS/EFM32GG/system_efm32gg.o
 .debug_macro   0x0001fe82      0x252 ./CMSIS/EFM32GG/system_efm32gg.o
 .debug_macro   0x000200d4     0x1bd7 ./CMSIS/EFM32GG/system_efm32gg.o
 .debug_macro   0x00021cab       0x2e ./CMSIS/EFM32GG/system_efm32gg.o
 .debug_macro   0x00021cd9      0x427 ./CMSIS/EFM32GG/system_efm32gg.o
 .debug_macro   0x00022100      0x427 ./CMSIS/EFM32GG/system_efm32gg.o
 .debug_macro   0x00022527      0x367 ./emlib/em_cmu.o
 .debug_macro   0x0002288e       0x22 ./emlib/em_cmu.o
 .debug_macro   0x000228b0       0x10 ./emlib/em_cmu.o
 .debug_macro   0x000228c0       0xcc ./emlib/em_cmu.o
 .debug_macro   0x0002298c       0x69 ./emlib/em_cmu.o
 .debug_macro   0x000229f5      0x33e ./emlib/em_cmu.o
 .debug_macro   0x00022d33      0x16d ./emlib/em_cmu.o
 .debug_macro   0x00022ea0       0x58 ./emlib/em_cmu.o
 .debug_macro   0x00022ef8      0x34d ./emlib/em_cmu.o
 .debug_macro   0x00023245       0x25 ./emlib/em_cmu.o
 .debug_macro   0x0002326a       0xee ./emlib/em_cmu.o
 .debug_macro   0x00023358       0x1f ./emlib/em_cmu.o
 .debug_macro   0x00023377      0x2a7 ./emlib/em_gpio.o
 .debug_macro   0x0002361e       0xc6 ./emlib/em_gpio.o
 .debug_macro   0x000236e4      0x295 ./emlib/em_system.o
 .debug_macro   0x00023979      0x2eb ./emlib/em_usart.o
 .debug_macro   0x00023c64       0xeb ./emlib/em_usart.o
 .debug_macro   0x00023d4f      0x2d4 ./src/UART_initGy.o
 .debug_macro   0x00024023       0xf1 ./src/UART_initGy.o

.debug_frame    0x00000000      0xedc
 .debug_frame   0x00000000      0x180 ./CMSIS/EFM32GG/system_efm32gg.o
 .debug_frame   0x00000180      0x690 ./emlib/em_cmu.o
 .debug_frame   0x00000810      0x1e0 ./emlib/em_gpio.o
 .debug_frame   0x000009f0       0x60 ./emlib/em_system.o
 .debug_frame   0x00000a50      0x388 ./emlib/em_usart.o
 .debug_frame   0x00000dd8       0x70 ./src/UART_initGy.o
 .debug_frame   0x00000e48       0x28 c:/siliconlabs/simplicitystudio/v4/developer/toolchains/gnu_arm/7.2_2017q4/bin/../lib/gcc/arm-none-eabi/7.2.1/../../../../arm-none-eabi/lib/thumb/v7-m\libc_nano.a(lib_a-exit.o)
 .debug_frame   0x00000e70       0x2c c:/siliconlabs/simplicitystudio/v4/developer/toolchains/gnu_arm/7.2_2017q4/bin/../lib/gcc/arm-none-eabi/7.2.1/../../../../arm-none-eabi/lib/thumb/v7-m\libc_nano.a(lib_a-init.o)
 .debug_frame   0x00000e9c       0x20 c:/siliconlabs/simplicitystudio/v4/developer/toolchains/gnu_arm/7.2_2017q4/bin/../lib/gcc/arm-none-eabi/7.2.1/../../../../arm-none-eabi/lib/thumb/v7-m\libc_nano.a(lib_a-memset.o)
 .debug_frame   0x00000ebc       0x20 c:/siliconlabs/simplicitystudio/v4/developer/toolchains/gnu_arm/7.2_2017q4/bin/../lib/gcc/arm-none-eabi/7.2.1/../../../../arm-none-eabi/lib/thumb/v7-m\libnosys.a(_exit.o)
